Archive member included to satisfy reference by file (symbol)

d:/my_program/gnu_arm/bin/../lib/gcc/arm-none-eabi/10.3.1/thumb/v7e-m+fp/hard\libgcc.a(_arm_muldf3.o)
                              CMakeFiles/foc_fd6288.elf.dir/DSP_LIB/Source/FilteringFunctions/arm_biquad_cascade_df2T_f64.c.obj (__aeabi_dmul)
d:/my_program/gnu_arm/bin/../lib/gcc/arm-none-eabi/10.3.1/thumb/v7e-m+fp/hard\libgcc.a(_arm_addsubdf3.o)
                              CMakeFiles/foc_fd6288.elf.dir/DSP_LIB/Source/MatrixFunctions/arm_mat_inverse_f64.c.obj (__aeabi_dsub)
d:/my_program/gnu_arm/bin/../lib/gcc/arm-none-eabi/10.3.1/thumb/v7e-m+fp/hard\libgcc.a(_arm_muldivdf3.o)
                              CMakeFiles/foc_fd6288.elf.dir/DSP_LIB/Source/MatrixFunctions/arm_mat_inverse_f64.c.obj (__aeabi_ddiv)
d:/my_program/gnu_arm/bin/../lib/gcc/arm-none-eabi/10.3.1/thumb/v7e-m+fp/hard\libgcc.a(_arm_cmpdf2.o)
                              CMakeFiles/foc_fd6288.elf.dir/DSP_LIB/Source/MatrixFunctions/arm_mat_inverse_f64.c.obj (__aeabi_dcmpeq)
d:/my_program/gnu_arm/bin/../lib/gcc/arm-none-eabi/10.3.1/thumb/v7e-m+fp/hard\libgcc.a(_arm_truncdfsf2.o)
                              CMakeFiles/foc_fd6288.elf.dir/foc/svpwm.c.obj (__aeabi_d2f)
d:/my_program/gnu_arm/bin/../lib/gcc/arm-none-eabi/10.3.1/thumb/v7e-m+fp/hard\libgcc.a(_aeabi_ldivmod.o)
                              CMakeFiles/foc_fd6288.elf.dir/DSP_LIB/Source/StatisticsFunctions/arm_mean_q31.c.obj (__aeabi_ldivmod)
d:/my_program/gnu_arm/bin/../lib/gcc/arm-none-eabi/10.3.1/thumb/v7e-m+fp/hard\libgcc.a(_aeabi_uldivmod.o)
                              CMakeFiles/foc_fd6288.elf.dir/Drivers/STM32H7xx_HAL_Driver/Src/stm32h7xx_hal_uart.c.obj (__aeabi_uldivmod)
d:/my_program/gnu_arm/bin/../lib/gcc/arm-none-eabi/10.3.1/thumb/v7e-m+fp/hard\libgcc.a(_fixsfdi.o)
                              CMakeFiles/foc_fd6288.elf.dir/DSP_LIB/Source/SupportFunctions/arm_float_to_q31.c.obj (__aeabi_f2lz)
d:/my_program/gnu_arm/bin/../lib/gcc/arm-none-eabi/10.3.1/thumb/v7e-m+fp/hard\libgcc.a(_fixunssfdi.o)
                              d:/my_program/gnu_arm/bin/../lib/gcc/arm-none-eabi/10.3.1/thumb/v7e-m+fp/hard\libgcc.a(_fixsfdi.o) (__aeabi_f2ulz)
d:/my_program/gnu_arm/bin/../lib/gcc/arm-none-eabi/10.3.1/thumb/v7e-m+fp/hard\libgcc.a(_udivmoddi4.o)
                              d:/my_program/gnu_arm/bin/../lib/gcc/arm-none-eabi/10.3.1/thumb/v7e-m+fp/hard\libgcc.a(_aeabi_ldivmod.o) (__udivmoddi4)
d:/my_program/gnu_arm/bin/../lib/gcc/arm-none-eabi/10.3.1/thumb/v7e-m+fp/hard\libgcc.a(_dvmd_tls.o)
                              d:/my_program/gnu_arm/bin/../lib/gcc/arm-none-eabi/10.3.1/thumb/v7e-m+fp/hard\libgcc.a(_aeabi_ldivmod.o) (__aeabi_ldiv0)
d:/my_program/gnu_arm/bin/../lib/gcc/arm-none-eabi/10.3.1/thumb/v7e-m+fp/hard\libgcc.a(_arm_fixunsdfsi.o)
                              d:/my_program/gnu_arm/bin/../lib/gcc/arm-none-eabi/10.3.1/thumb/v7e-m+fp/hard\libgcc.a(_fixunssfdi.o) (__aeabi_d2uiz)
d:/my_program/gnu_arm/bin/../lib/gcc/arm-none-eabi/10.3.1/../../../../arm-none-eabi/lib/thumb/v7e-m+fp/hard\libg.a(lib_a-errno.o)
                              CMakeFiles/foc_fd6288.elf.dir/Core/Src/syscalls.c.obj (__errno)
d:/my_program/gnu_arm/bin/../lib/gcc/arm-none-eabi/10.3.1/../../../../arm-none-eabi/lib/thumb/v7e-m+fp/hard\libg.a(lib_a-exit.o)
                              d:/my_program/gnu_arm/bin/../lib/gcc/arm-none-eabi/10.3.1/../../../../arm-none-eabi/lib/thumb/v7e-m+fp/hard/crt0.o (exit)
d:/my_program/gnu_arm/bin/../lib/gcc/arm-none-eabi/10.3.1/../../../../arm-none-eabi/lib/thumb/v7e-m+fp/hard\libg.a(lib_a-impure.o)
                              d:/my_program/gnu_arm/bin/../lib/gcc/arm-none-eabi/10.3.1/../../../../arm-none-eabi/lib/thumb/v7e-m+fp/hard\libg.a(lib_a-exit.o) (_global_impure_ptr)
d:/my_program/gnu_arm/bin/../lib/gcc/arm-none-eabi/10.3.1/../../../../arm-none-eabi/lib/thumb/v7e-m+fp/hard\libg.a(lib_a-init.o)
                              d:/my_program/gnu_arm/bin/../lib/gcc/arm-none-eabi/10.3.1/../../../../arm-none-eabi/lib/thumb/v7e-m+fp/hard/crt0.o (__libc_init_array)
d:/my_program/gnu_arm/bin/../lib/gcc/arm-none-eabi/10.3.1/../../../../arm-none-eabi/lib/thumb/v7e-m+fp/hard\libg.a(lib_a-malloc.o)
                              CMakeFiles/foc_fd6288.elf.dir/Middlewares/ST/STM32_USB_Device_Library/Class/CDC/Src/usbd_cdc.c.obj (malloc)
d:/my_program/gnu_arm/bin/../lib/gcc/arm-none-eabi/10.3.1/../../../../arm-none-eabi/lib/thumb/v7e-m+fp/hard\libg.a(lib_a-mallocr.o)
                              d:/my_program/gnu_arm/bin/../lib/gcc/arm-none-eabi/10.3.1/../../../../arm-none-eabi/lib/thumb/v7e-m+fp/hard\libg.a(lib_a-malloc.o) (_malloc_r)
d:/my_program/gnu_arm/bin/../lib/gcc/arm-none-eabi/10.3.1/../../../../arm-none-eabi/lib/thumb/v7e-m+fp/hard\libg.a(lib_a-memset.o)
                              d:/my_program/gnu_arm/bin/../lib/gcc/arm-none-eabi/10.3.1/../../../../arm-none-eabi/lib/thumb/v7e-m+fp/hard/crt0.o (memset)
[...]
Memory Configuration

Name             Origin             Length             Attributes
DTCMRAM          0x20000000         0x00020000         xrw
ITCMRAM          0x00000000         0x00010000         xrw
RAM_D1           0x24000000         0x00080000         xrw
RAM_D2           0x30000000         0x00048000         xrw
RAM_D3           0x38000000         0x00010000         xrw
FLASH            0x08000000         0x00020000         xr
*default*        0x00000000         0xffffffff

Linker script and memory map

LOAD d:/my_program/gnu_arm/bin/../lib/gcc/arm-none-eabi/10.3.1/thumb/v7e-m+fp/hard/crti.o
LOAD d:/my_program/gnu_arm/bin/../lib/gcc/arm-none-eabi/10.3.1/thumb/v7e-m+fp/hard/crtbegin.o
LOAD d:/my_program/gnu_arm/bin/../lib/gcc/arm-none-eabi/10.3.1/../../../../arm-none-eabi/lib/thumb/v7e-m+fp/hard/crt0.o
LOAD CMakeFiles/foc_fd6288.elf.dir/AS5047/AS5047P.c.obj
LOAD CMakeFiles/foc_fd6288.elf.dir/Core/Src/adc.c.obj
LOAD CMakeFiles/foc_fd6288.elf.dir/Core/Src/dma.c.obj
LOAD CMakeFiles/foc_fd6288.elf.dir/Core/Src/gpio.c.obj
LOAD CMakeFiles/foc_fd6288.elf.dir/Core/Src/i2c.c.obj
LOAD CMakeFiles/foc_fd6288.elf.dir/Core/Src/main.c.obj
LOAD CMakeFiles/foc_fd6288.elf.dir/Core/Src/spi.c.obj
LOAD CMakeFiles/foc_fd6288.elf.dir/Core/Src/stm32h7xx_hal_msp.c.obj
LOAD CMakeFiles/foc_fd6288.elf.dir/Core/Src/stm32h7xx_it.c.obj
LOAD CMakeFiles/foc_fd6288.elf.dir/Core/Src/syscalls.c.obj
LOAD CMakeFiles/foc_fd6288.elf.dir/Core/Src/sysmem.c.obj
LOAD CMakeFiles/foc_fd6288.elf.dir/Core/Src/system_stm32h7xx.c.obj
LOAD CMakeFiles/foc_fd6288.elf.dir/Core/Src/tim.c.obj
LOAD CMakeFiles/foc_fd6288.elf.dir/Core/Src/usart.c.obj
LOAD CMakeFiles/foc_fd6288.elf.dir/Core/Startup/startup_stm32h750vbtx.s.obj
LOAD CMakeFiles/foc_fd6288.elf.dir/DSP_LIB/Source/BasicMathFunctions/arm_abs_f32.c.obj
LOAD CMakeFiles/foc_fd6288.elf.dir/DSP_LIB/Source/BasicMathFunctions/arm_abs_q15.c.obj
LOAD CMakeFiles/foc_fd6288.elf.dir/DSP_LIB/Source/BasicMathFunctions/arm_abs_q31.c.obj
LOAD CMakeFiles/foc_fd6288.elf.dir/DSP_LIB/Source/BasicMathFunctions/arm_abs_q7.c.obj
LOAD CMakeFiles/foc_fd6288.elf.dir/DSP_LIB/Source/BasicMathFunctions/arm_add_f32.c.obj
LOAD CMakeFiles/foc_fd6288.elf.dir/DSP_LIB/Source/BasicMathFunctions/arm_add_q15.c.obj
LOAD CMakeFiles/foc_fd6288.elf.dir/DSP_LIB/Source/BasicMathFunctions/arm_add_q31.c.obj
LOAD CMakeFiles/foc_fd6288.elf.dir/DSP_LIB/Source/BasicMathFunctions/arm_add_q7.c.obj
LOAD CMakeFiles/foc_fd6288.elf.dir/DSP_LIB/Source/BasicMathFunctions/arm_dot_prod_f32.c.obj
LOAD CMakeFiles/foc_fd6288.elf.dir/DSP_LIB/Source/BasicMathFunctions/arm_dot_prod_q15.c.obj
LOAD CMakeFiles/foc_fd6288.elf.dir/DSP_LIB/Source/BasicMathFunctions/arm_dot_prod_q31.c.obj
LOAD CMakeFiles/foc_fd6288.elf.dir/DSP_LIB/Source/BasicMathFunctions/arm_dot_prod_q7.c.obj
LOAD CMakeFiles/foc_fd6288.elf.dir/DSP_LIB/Source/BasicMathFunctions/arm_mult_f32.c.obj
LOAD CMakeFiles/foc_fd6288.elf.dir/DSP_LIB/Source/BasicMathFunctions/arm_mult_q15.c.obj
LOAD CMakeFiles/foc_fd6288.elf.dir/DSP_LIB/Source/BasicMathFunctions/arm_mult_q31.c.obj
LOAD CMakeFiles/foc_fd6288.elf.dir/DSP_LIB/Source/BasicMathFunctions/arm_mult_q7.c.obj
LOAD CMakeFiles/foc_fd6288.elf.dir/DSP_LIB/Source/BasicMathFunctions/arm_negate_f32.c.obj
LOAD CMakeFiles/foc_fd6288.elf.dir/DSP_LIB/Source/BasicMathFunctions/arm_negate_q15.c.obj
LOAD CMakeFiles/foc_fd6288.elf.dir/DSP_LIB/Source/BasicMathFunctions/arm_negate_q31.c.obj
LOAD CMakeFiles/foc_fd6288.elf.dir/DSP_LIB/Source/BasicMathFunctions/arm_negate_q7.c.obj
LOAD CMakeFiles/foc_fd6288.elf.dir/DSP_LIB/Source/BasicMathFunctions/arm_offset_f32.c.obj
LOAD CMakeFiles/foc_fd6288.elf.dir/DSP_LIB/Source/BasicMathFunctions/arm_offset_q15.c.obj
LOAD CMakeFiles/foc_fd6288.elf.dir/DSP_LIB/Source/BasicMathFunctions/arm_offset_q31.c.obj
LOAD CMakeFiles/foc_fd6288.elf.dir/DSP_LIB/Source/BasicMathFunctions/arm_offset_q7.c.obj
LOAD CMakeFiles/foc_fd6288.elf.dir/DSP_LIB/Source/BasicMathFunctions/arm_scale_f32.c.obj
LOAD CMakeFiles/foc_fd6288.elf.dir/DSP_LIB/Source/BasicMathFunctions/arm_scale_q15.c.obj
LOAD CMakeFiles/foc_fd6288.elf.dir/DSP_LIB/Source/BasicMathFunctions/arm_scale_q31.c.obj
LOAD CMakeFiles/foc_fd6288.elf.dir/DSP_LIB/Source/BasicMathFunctions/arm_scale_q7.c.obj
LOAD CMakeFiles/foc_fd6288.elf.dir/DSP_LIB/Source/BasicMathFunctions/arm_shift_q15.c.obj
LOAD CMakeFiles/foc_fd6288.elf.dir/DSP_LIB/Source/BasicMathFunctions/arm_shift_q31.c.obj
LOAD CMakeFiles/foc_fd6288.elf.dir/DSP_LIB/Source/BasicMathFunctions/arm_shift_q7.c.obj
LOAD CMakeFiles/foc_fd6288.elf.dir/DSP_LIB/Source/BasicMathFunctions/arm_sub_f32.c.obj
LOAD CMakeFiles/foc_fd6288.elf.dir/DSP_LIB/Source/BasicMathFunctions/arm_sub_q15.c.obj
LOAD CMakeFiles/foc_fd6288.elf.dir/DSP_LIB/Source/BasicMathFunctions/arm_sub_q31.c.obj
LOAD CMakeFiles/foc_fd6288.elf.dir/DSP_LIB/Source/BasicMathFunctions/arm_sub_q7.c.obj
LOAD CMakeFiles/foc_fd6288.elf.dir/DSP_LIB/Source/CommonTables/arm_common_tables.c.obj
LOAD CMakeFiles/foc_fd6288.elf.dir/DSP_LIB/Source/CommonTables/arm_const_structs.c.obj
LOAD CMakeFiles/foc_fd6288.elf.dir/DSP_LIB/Source/ComplexMathFunctions/arm_cmplx_conj_f32.c.obj
LOAD CMakeFiles/foc_fd6288.elf.dir/DSP_LIB/Source/ComplexMathFunctions/arm_cmplx_conj_q15.c.obj
LOAD CMakeFiles/foc_fd6288.elf.dir/DSP_LIB/Source/ComplexMathFunctions/arm_cmplx_conj_q31.c.obj
LOAD CMakeFiles/foc_fd6288.elf.dir/DSP_LIB/Source/ComplexMathFunctions/arm_cmplx_dot_prod_f32.c.obj
LOAD CMakeFiles/foc_fd6288.elf.dir/DSP_LIB/Source/ComplexMathFunctions/arm_cmplx_dot_prod_q15.c.obj
LOAD CMakeFiles/foc_fd6288.elf.dir/DSP_LIB/Source/ComplexMathFunctions/arm_cmplx_dot_prod_q31.c.obj
LOAD CMakeFiles/foc_fd6288.elf.dir/DSP_LIB/Source/ComplexMathFunctions/arm_cmplx_mag_f32.c.obj
LOAD CMakeFiles/foc_fd6288.elf.dir/DSP_LIB/Source/ComplexMathFunctions/arm_cmplx_mag_q15.c.obj
LOAD CMakeFiles/foc_fd6288.elf.dir/DSP_LIB/Source/ComplexMathFunctions/arm_cmplx_mag_q31.c.obj
LOAD CMakeFiles/foc_fd6288.elf.dir/DSP_LIB/Source/ComplexMathFunctions/arm_cmplx_mag_squared_f32.c.obj
LOAD CMakeFiles/foc_fd6288.elf.dir/DSP_LIB/Source/ComplexMathFunctions/arm_cmplx_mag_squared_q15.c.obj
LOAD CMakeFiles/foc_fd6288.elf.dir/DSP_LIB/Source/ComplexMathFunctions/arm_cmplx_mag_squared_q31.c.obj
LOAD CMakeFiles/foc_fd6288.elf.dir/DSP_LIB/Source/ComplexMathFunctions/arm_cmplx_mult_cmplx_f32.c.obj
LOAD CMakeFiles/foc_fd6288.elf.dir/DSP_LIB/Source/ComplexMathFunctions/arm_cmplx_mult_cmplx_q15.c.obj
LOAD CMakeFiles/foc_fd6288.elf.dir/DSP_LIB/Source/ComplexMathFunctions/arm_cmplx_mult_cmplx_q31.c.obj
LOAD CMakeFiles/foc_fd6288.elf.dir/DSP_LIB/Source/ComplexMathFunctions/arm_cmplx_mult_real_f32.c.obj
LOAD CMakeFiles/foc_fd6288.elf.dir/DSP_LIB/Source/ComplexMathFunctions/arm_cmplx_mult_real_q15.c.obj
LOAD CMakeFiles/foc_fd6288.elf.dir/DSP_LIB/Source/ComplexMathFunctions/arm_cmplx_mult_real_q31.c.obj
LOAD CMakeFiles/foc_fd6288.elf.dir/DSP_LIB/Source/ControllerFunctions/arm_pid_init_f32.c.obj
LOAD CMakeFiles/foc_fd6288.elf.dir/DSP_LIB/Source/ControllerFunctions/arm_pid_init_q15.c.obj
LOAD CMakeFiles/foc_fd6288.elf.dir/DSP_LIB/Source/ControllerFunctions/arm_pid_init_q31.c.obj
LOAD CMakeFiles/foc_fd6288.elf.dir/DSP_LIB/Source/ControllerFunctions/arm_pid_reset_f32.c.obj
LOAD CMakeFiles/foc_fd6288.elf.dir/DSP_LIB/Source/ControllerFunctions/arm_pid_reset_q15.c.obj
LOAD CMakeFiles/foc_fd6288.elf.dir/DSP_LIB/Source/ControllerFunctions/arm_pid_reset_q31.c.obj
LOAD CMakeFiles/foc_fd6288.elf.dir/DSP_LIB/Source/ControllerFunctions/arm_sin_cos_f32.c.obj
LOAD CMakeFiles/foc_fd6288.elf.dir/DSP_LIB/Source/ControllerFunctions/arm_sin_cos_q31.c.obj
LOAD CMakeFiles/foc_fd6288.elf.dir/DSP_LIB/Source/FastMathFunctions/arm_cos_f32.c.obj
LOAD CMakeFiles/foc_fd6288.elf.dir/DSP_LIB/Source/FastMathFunctions/arm_cos_q15.c.obj
LOAD CMakeFiles/foc_fd6288.elf.dir/DSP_LIB/Source/FastMathFunctions/arm_cos_q31.c.obj
LOAD CMakeFiles/foc_fd6288.elf.dir/DSP_LIB/Source/FastMathFunctions/arm_sin_f32.c.obj
LOAD CMakeFiles/foc_fd6288.elf.dir/DSP_LIB/Source/FastMathFunctions/arm_sin_q15.c.obj
LOAD CMakeFiles/foc_fd6288.elf.dir/DSP_LIB/Source/FastMathFunctions/arm_sin_q31.c.obj
LOAD CMakeFiles/foc_fd6288.elf.dir/DSP_LIB/Source/FastMathFunctions/arm_sqrt_q15.c.obj
LOAD CMakeFiles/foc_fd6288.elf.dir/DSP_LIB/Source/FastMathFunctions/arm_sqrt_q31.c.obj
LOAD CMakeFiles/foc_fd6288.elf.dir/DSP_LIB/Source/FilteringFunctions/arm_biquad_cascade_df1_32x64_init_q31.c.obj
LOAD CMakeFiles/foc_fd6288.elf.dir/DSP_LIB/Source/FilteringFunctions/arm_biquad_cascade_df1_32x64_q31.c.obj
LOAD CMakeFiles/foc_fd6288.elf.dir/DSP_LIB/Source/FilteringFunctions/arm_biquad_cascade_df1_f32.c.obj
LOAD CMakeFiles/foc_fd6288.elf.dir/DSP_LIB/Source/FilteringFunctions/arm_biquad_cascade_df1_fast_q15.c.obj
LOAD CMakeFiles/foc_fd6288.elf.dir/DSP_LIB/Source/FilteringFunctions/arm_biquad_cascade_df1_fast_q31.c.obj
LOAD CMakeFiles/foc_fd6288.elf.dir/DSP_LIB/Source/FilteringFunctions/arm_biquad_cascade_df1_init_f32.c.obj
LOAD CMakeFiles/foc_fd6288.elf.dir/DSP_LIB/Source/FilteringFunctions/arm_biquad_cascade_df1_init_q15.c.obj
LOAD CMakeFiles/foc_fd6288.elf.dir/DSP_LIB/Source/FilteringFunctions/arm_biquad_cascade_df1_init_q31.c.obj
LOAD CMakeFiles/foc_fd6288.elf.dir/DSP_LIB/Source/FilteringFunctions/arm_biquad_cascade_df1_q15.c.obj
LOAD CMakeFiles/foc_fd6288.elf.dir/DSP_LIB/Source/FilteringFunctions/arm_biquad_cascade_df1_q31.c.obj
LOAD CMakeFiles/foc_fd6288.elf.dir/DSP_LIB/Source/FilteringFunctions/arm_biquad_cascade_df2T_f32.c.obj
LOAD CMakeFiles/foc_fd6288.elf.dir/DSP_LIB/Source/FilteringFunctions/arm_biquad_cascade_df2T_f64.c.obj
LOAD CMakeFiles/foc_fd6288.elf.dir/DSP_LIB/Source/FilteringFunctions/arm_biquad_cascade_df2T_init_f32.c.obj
LOAD CMakeFiles/foc_fd6288.elf.dir/DSP_LIB/Source/FilteringFunctions/arm_biquad_cascade_df2T_init_f64.c.obj
LOAD CMakeFiles/foc_fd6288.elf.dir/DSP_LIB/Source/FilteringFunctions/arm_biquad_cascade_stereo_df2T_f32.c.obj
LOAD CMakeFiles/foc_fd6288.elf.dir/DSP_LIB/Source/FilteringFunctions/arm_biquad_cascade_stereo_df2T_init_f32.c.obj
LOAD CMakeFiles/foc_fd6288.elf.dir/DSP_LIB/Source/FilteringFunctions/arm_conv_f32.c.obj
LOAD CMakeFiles/foc_fd6288.elf.dir/DSP_LIB/Source/FilteringFunctions/arm_conv_fast_opt_q15.c.obj
LOAD CMakeFiles/foc_fd6288.elf.dir/DSP_LIB/Source/FilteringFunctions/arm_conv_fast_q15.c.obj
LOAD CMakeFiles/foc_fd6288.elf.dir/DSP_LIB/Source/FilteringFunctions/arm_conv_fast_q31.c.obj
LOAD CMakeFiles/foc_fd6288.elf.dir/DSP_LIB/Source/FilteringFunctions/arm_conv_opt_q15.c.obj
LOAD CMakeFiles/foc_fd6288.elf.dir/DSP_LIB/Source/FilteringFunctions/arm_conv_opt_q7.c.obj
LOAD CMakeFiles/foc_fd6288.elf.dir/DSP_LIB/Source/FilteringFunctions/arm_conv_partial_f32.c.obj
LOAD CMakeFiles/foc_fd6288.elf.dir/DSP_LIB/Source/FilteringFunctions/arm_conv_partial_fast_opt_q15.c.obj
LOAD CMakeFiles/foc_fd6288.elf.dir/DSP_LIB/Source/FilteringFunctions/arm_conv_partial_fast_q15.c.obj
LOAD CMakeFiles/foc_fd6288.elf.dir/DSP_LIB/Source/FilteringFunctions/arm_conv_partial_fast_q31.c.obj
LOAD CMakeFiles/foc_fd6288.elf.dir/DSP_LIB/Source/FilteringFunctions/arm_conv_partial_opt_q15.c.obj
LOAD CMakeFiles/foc_fd6288.elf.dir/DSP_LIB/Source/FilteringFunctions/arm_conv_partial_opt_q7.c.obj
LOAD CMakeFiles/foc_fd6288.elf.dir/DSP_LIB/Source/FilteringFunctions/arm_conv_partial_q15.c.obj
LOAD CMakeFiles/foc_fd6288.elf.dir/DSP_LIB/Source/FilteringFunctions/arm_conv_partial_q31.c.obj
LOAD CMakeFiles/foc_fd6288.elf.dir/DSP_LIB/Source/FilteringFunctions/arm_conv_partial_q7.c.obj
LOAD CMakeFiles/foc_fd6288.elf.dir/DSP_LIB/Source/FilteringFunctions/arm_conv_q15.c.obj
LOAD CMakeFiles/foc_fd6288.elf.dir/DSP_LIB/Source/FilteringFunctions/arm_conv_q31.c.obj
LOAD CMakeFiles/foc_fd6288.elf.dir/DSP_LIB/Source/FilteringFunctions/arm_conv_q7.c.obj
LOAD CMakeFiles/foc_fd6288.elf.dir/DSP_LIB/Source/FilteringFunctions/arm_correlate_f32.c.obj
LOAD CMakeFiles/foc_fd6288.elf.dir/DSP_LIB/Source/FilteringFunctions/arm_correlate_fast_opt_q15.c.obj
LOAD CMakeFiles/foc_fd6288.elf.dir/DSP_LIB/Source/FilteringFunctions/arm_correlate_fast_q15.c.obj
LOAD CMakeFiles/foc_fd6288.elf.dir/DSP_LIB/Source/FilteringFunctions/arm_correlate_fast_q31.c.obj
LOAD CMakeFiles/foc_fd6288.elf.dir/DSP_LIB/Source/FilteringFunctions/arm_correlate_opt_q15.c.obj
LOAD CMakeFiles/foc_fd6288.elf.dir/DSP_LIB/Source/FilteringFunctions/arm_correlate_opt_q7.c.obj
LOAD CMakeFiles/foc_fd6288.elf.dir/DSP_LIB/Source/FilteringFunctions/arm_correlate_q15.c.obj
LOAD CMakeFiles/foc_fd6288.elf.dir/DSP_LIB/Source/FilteringFunctions/arm_correlate_q31.c.obj
LOAD CMakeFiles/foc_fd6288.elf.dir/DSP_LIB/Source/FilteringFunctions/arm_correlate_q7.c.obj
LOAD CMakeFiles/foc_fd6288.elf.dir/DSP_LIB/Source/FilteringFunctions/arm_fir_decimate_f32.c.obj
LOAD CMakeFiles/foc_fd6288.elf.dir/DSP_LIB/Source/FilteringFunctions/arm_fir_decimate_fast_q15.c.obj
LOAD CMakeFiles/foc_fd6288.elf.dir/DSP_LIB/Source/FilteringFunctions/arm_fir_decimate_fast_q31.c.obj
LOAD CMakeFiles/foc_fd6288.elf.dir/DSP_LIB/Source/FilteringFunctions/arm_fir_decimate_init_f32.c.obj
LOAD CMakeFiles/foc_fd6288.elf.dir/DSP_LIB/Source/FilteringFunctions/arm_fir_decimate_init_q15.c.obj
LOAD CMakeFiles/foc_fd6288.elf.dir/DSP_LIB/Source/FilteringFunctions/arm_fir_decimate_init_q31.c.obj
LOAD CMakeFiles/foc_fd6288.elf.dir/DSP_LIB/Source/FilteringFunctions/arm_fir_decimate_q15.c.obj
LOAD CMakeFiles/foc_fd6288.elf.dir/DSP_LIB/Source/FilteringFunctions/arm_fir_decimate_q31.c.obj
LOAD CMakeFiles/foc_fd6288.elf.dir/DSP_LIB/Source/FilteringFunctions/arm_fir_f32.c.obj
LOAD CMakeFiles/foc_fd6288.elf.dir/DSP_LIB/Source/FilteringFunctions/arm_fir_fast_q15.c.obj
LOAD CMakeFiles/foc_fd6288.elf.dir/DSP_LIB/Source/FilteringFunctions/arm_fir_fast_q31.c.obj
LOAD CMakeFiles/foc_fd6288.elf.dir/DSP_LIB/Source/FilteringFunctions/arm_fir_init_f32.c.obj
LOAD CMakeFiles/foc_fd6288.elf.dir/DSP_LIB/Source/FilteringFunctions/arm_fir_init_q15.c.obj
LOAD CMakeFiles/foc_fd6288.elf.dir/DSP_LIB/Source/FilteringFunctions/arm_fir_init_q31.c.obj
LOAD CMakeFiles/foc_fd6288.elf.dir/DSP_LIB/Source/FilteringFunctions/arm_fir_init_q7.c.obj
LOAD CMakeFiles/foc_fd6288.elf.dir/DSP_LIB/Source/FilteringFunctions/arm_fir_interpolate_f32.c.obj
LOAD CMakeFiles/foc_fd6288.elf.dir/DSP_LIB/Source/FilteringFunctions/arm_fir_interpolate_init_f32.c.obj
LOAD CMakeFiles/foc_fd6288.elf.dir/DSP_LIB/Source/FilteringFunctions/arm_fir_interpolate_init_q15.c.obj
LOAD CMakeFiles/foc_fd6288.elf.dir/DSP_LIB/Source/FilteringFunctions/arm_fir_interpolate_init_q31.c.obj
LOAD CMakeFiles/foc_fd6288.elf.dir/DSP_LIB/Source/FilteringFunctions/arm_fir_interpolate_q15.c.obj
LOAD CMakeFiles/foc_fd6288.elf.dir/DSP_LIB/Source/FilteringFunctions/arm_fir_interpolate_q31.c.obj
LOAD CMakeFiles/foc_fd6288.elf.dir/DSP_LIB/Source/FilteringFunctions/arm_fir_lattice_f32.c.obj
LOAD CMakeFiles/foc_fd6288.elf.dir/DSP_LIB/Source/FilteringFunctions/arm_fir_lattice_init_f32.c.obj
LOAD CMakeFiles/foc_fd6288.elf.dir/DSP_LIB/Source/FilteringFunctions/arm_fir_lattice_init_q15.c.obj
LOAD CMakeFiles/foc_fd6288.elf.dir/DSP_LIB/Source/FilteringFunctions/arm_fir_lattice_init_q31.c.obj
LOAD CMakeFiles/foc_fd6288.elf.dir/DSP_LIB/Source/FilteringFunctions/arm_fir_lattice_q15.c.obj
LOAD CMakeFiles/foc_fd6288.elf.dir/DSP_LIB/Source/FilteringFunctions/arm_fir_lattice_q31.c.obj
LOAD CMakeFiles/foc_fd6288.elf.dir/DSP_LIB/Source/FilteringFunctions/arm_fir_q15.c.obj
LOAD CMakeFiles/foc_fd6288.elf.dir/DSP_LIB/Source/FilteringFunctions/arm_fir_q31.c.obj
LOAD CMakeFiles/foc_fd6288.elf.dir/DSP_LIB/Source/FilteringFunctions/arm_fir_q7.c.obj
LOAD CMakeFiles/foc_fd6288.elf.dir/DSP_LIB/Source/FilteringFunctions/arm_fir_sparse_f32.c.obj
LOAD CMakeFiles/foc_fd6288.elf.dir/DSP_LIB/Source/FilteringFunctions/arm_fir_sparse_init_f32.c.obj
LOAD CMakeFiles/foc_fd6288.elf.dir/DSP_LIB/Source/FilteringFunctions/arm_fir_sparse_init_q15.c.obj
LOAD CMakeFiles/foc_fd6288.elf.dir/DSP_LIB/Source/FilteringFunctions/arm_fir_sparse_init_q31.c.obj
LOAD CMakeFiles/foc_fd6288.elf.dir/DSP_LIB/Source/FilteringFunctions/arm_fir_sparse_init_q7.c.obj
LOAD CMakeFiles/foc_fd6288.elf.dir/DSP_LIB/Source/FilteringFunctions/arm_fir_sparse_q15.c.obj
LOAD CMakeFiles/foc_fd6288.elf.dir/DSP_LIB/Source/FilteringFunctions/arm_fir_sparse_q31.c.obj
LOAD CMakeFiles/foc_fd6288.elf.dir/DSP_LIB/Source/FilteringFunctions/arm_fir_sparse_q7.c.obj
LOAD CMakeFiles/foc_fd6288.elf.dir/DSP_LIB/Source/FilteringFunctions/arm_iir_lattice_f32.c.obj
LOAD CMakeFiles/foc_fd6288.elf.dir/DSP_LIB/Source/FilteringFunctions/arm_iir_lattice_init_f32.c.obj
LOAD CMakeFiles/foc_fd6288.elf.dir/DSP_LIB/Source/FilteringFunctions/arm_iir_lattice_init_q15.c.obj
LOAD CMakeFiles/foc_fd6288.elf.dir/DSP_LIB/Source/FilteringFunctions/arm_iir_lattice_init_q31.c.obj
LOAD CMakeFiles/foc_fd6288.elf.dir/DSP_LIB/Source/FilteringFunctions/arm_iir_lattice_q15.c.obj
LOAD CMakeFiles/foc_fd6288.elf.dir/DSP_LIB/Source/FilteringFunctions/arm_iir_lattice_q31.c.obj
LOAD CMakeFiles/foc_fd6288.elf.dir/DSP_LIB/Source/FilteringFunctions/arm_lms_f32.c.obj
LOAD CMakeFiles/foc_fd6288.elf.dir/DSP_LIB/Source/FilteringFunctions/arm_lms_init_f32.c.obj
LOAD CMakeFiles/foc_fd6288.elf.dir/DSP_LIB/Source/FilteringFunctions/arm_lms_init_q15.c.obj
LOAD CMakeFiles/foc_fd6288.elf.dir/DSP_LIB/Source/FilteringFunctions/arm_lms_init_q31.c.obj
LOAD CMakeFiles/foc_fd6288.elf.dir/DSP_LIB/Source/FilteringFunctions/arm_lms_norm_f32.c.obj
LOAD CMakeFiles/foc_fd6288.elf.dir/DSP_LIB/Source/FilteringFunctions/arm_lms_norm_init_f32.c.obj
LOAD CMakeFiles/foc_fd6288.elf.dir/DSP_LIB/Source/FilteringFunctions/arm_lms_norm_init_q15.c.obj
LOAD CMakeFiles/foc_fd6288.elf.dir/DSP_LIB/Source/FilteringFunctions/arm_lms_norm_init_q31.c.obj
LOAD CMakeFiles/foc_fd6288.elf.dir/DSP_LIB/Source/FilteringFunctions/arm_lms_norm_q15.c.obj
LOAD CMakeFiles/foc_fd6288.elf.dir/DSP_LIB/Source/FilteringFunctions/arm_lms_norm_q31.c.obj
LOAD CMakeFiles/foc_fd6288.elf.dir/DSP_LIB/Source/FilteringFunctions/arm_lms_q15.c.obj
LOAD CMakeFiles/foc_fd6288.elf.dir/DSP_LIB/Source/FilteringFunctions/arm_lms_q31.c.obj
LOAD CMakeFiles/foc_fd6288.elf.dir/DSP_LIB/Source/MatrixFunctions/arm_mat_add_f32.c.obj
LOAD CMakeFiles/foc_fd6288.elf.dir/DSP_LIB/Source/MatrixFunctions/arm_mat_add_q15.c.obj
LOAD CMakeFiles/foc_fd6288.elf.dir/DSP_LIB/Source/MatrixFunctions/arm_mat_add_q31.c.obj
LOAD CMakeFiles/foc_fd6288.elf.dir/DSP_LIB/Source/MatrixFunctions/arm_mat_cmplx_mult_f32.c.obj
LOAD CMakeFiles/foc_fd6288.elf.dir/DSP_LIB/Source/MatrixFunctions/arm_mat_cmplx_mult_q15.c.obj
LOAD CMakeFiles/foc_fd6288.elf.dir/DSP_LIB/Source/MatrixFunctions/arm_mat_cmplx_mult_q31.c.obj
LOAD CMakeFiles/foc_fd6288.elf.dir/DSP_LIB/Source/MatrixFunctions/arm_mat_init_f32.c.obj
LOAD CMakeFiles/foc_fd6288.elf.dir/DSP_LIB/Source/MatrixFunctions/arm_mat_init_q15.c.obj
LOAD CMakeFiles/foc_fd6288.elf.dir/DSP_LIB/Source/MatrixFunctions/arm_mat_init_q31.c.obj
LOAD CMakeFiles/foc_fd6288.elf.dir/DSP_LIB/Source/MatrixFunctions/arm_mat_inverse_f32.c.obj
LOAD CMakeFiles/foc_fd6288.elf.dir/DSP_LIB/Source/MatrixFunctions/arm_mat_inverse_f64.c.obj
LOAD CMakeFiles/foc_fd6288.elf.dir/DSP_LIB/Source/MatrixFunctions/arm_mat_mult_f32.c.obj
LOAD CMakeFiles/foc_fd6288.elf.dir/DSP_LIB/Source/MatrixFunctions/arm_mat_mult_fast_q15.c.obj
LOAD CMakeFiles/foc_fd6288.elf.dir/DSP_LIB/Source/MatrixFunctions/arm_mat_mult_fast_q31.c.obj
LOAD CMakeFiles/foc_fd6288.elf.dir/DSP_LIB/Source/MatrixFunctions/arm_mat_mult_q15.c.obj
LOAD CMakeFiles/foc_fd6288.elf.dir/DSP_LIB/Source/MatrixFunctions/arm_mat_mult_q31.c.obj
LOAD CMakeFiles/foc_fd6288.elf.dir/DSP_LIB/Source/MatrixFunctions/arm_mat_scale_f32.c.obj
LOAD CMakeFiles/foc_fd6288.elf.dir/DSP_LIB/Source/MatrixFunctions/arm_mat_scale_q15.c.obj
LOAD CMakeFiles/foc_fd6288.elf.dir/DSP_LIB/Source/MatrixFunctions/arm_mat_scale_q31.c.obj
LOAD CMakeFiles/foc_fd6288.elf.dir/DSP_LIB/Source/MatrixFunctions/arm_mat_sub_f32.c.obj
LOAD CMakeFiles/foc_fd6288.elf.dir/DSP_LIB/Source/MatrixFunctions/arm_mat_sub_q15.c.obj
LOAD CMakeFiles/foc_fd6288.elf.dir/DSP_LIB/Source/MatrixFunctions/arm_mat_sub_q31.c.obj
LOAD CMakeFiles/foc_fd6288.elf.dir/DSP_LIB/Source/MatrixFunctions/arm_mat_trans_f32.c.obj
LOAD CMakeFiles/foc_fd6288.elf.dir/DSP_LIB/Source/MatrixFunctions/arm_mat_trans_q15.c.obj
LOAD CMakeFiles/foc_fd6288.elf.dir/DSP_LIB/Source/MatrixFunctions/arm_mat_trans_q31.c.obj
LOAD CMakeFiles/foc_fd6288.elf.dir/DSP_LIB/Source/StatisticsFunctions/arm_max_f32.c.obj
LOAD CMakeFiles/foc_fd6288.elf.dir/DSP_LIB/Source/StatisticsFunctions/arm_max_q15.c.obj
LOAD CMakeFiles/foc_fd6288.elf.dir/DSP_LIB/Source/StatisticsFunctions/arm_max_q31.c.obj
LOAD CMakeFiles/foc_fd6288.elf.dir/DSP_LIB/Source/StatisticsFunctions/arm_max_q7.c.obj
LOAD CMakeFiles/foc_fd6288.elf.dir/DSP_LIB/Source/StatisticsFunctions/arm_mean_f32.c.obj
LOAD CMakeFiles/foc_fd6288.elf.dir/DSP_LIB/Source/StatisticsFunctions/arm_mean_q15.c.obj
LOAD CMakeFiles/foc_fd6288.elf.dir/DSP_LIB/Source/StatisticsFunctions/arm_mean_q31.c.obj
LOAD CMakeFiles/foc_fd6288.elf.dir/DSP_LIB/Source/StatisticsFunctions/arm_mean_q7.c.obj
LOAD CMakeFiles/foc_fd6288.elf.dir/DSP_LIB/Source/StatisticsFunctions/arm_min_f32.c.obj
LOAD CMakeFiles/foc_fd6288.elf.dir/DSP_LIB/Source/StatisticsFunctions/arm_min_q15.c.obj
LOAD CMakeFiles/foc_fd6288.elf.dir/DSP_LIB/Source/StatisticsFunctions/arm_min_q31.c.obj
LOAD CMakeFiles/foc_fd6288.elf.dir/DSP_LIB/Source/StatisticsFunctions/arm_min_q7.c.obj
LOAD CMakeFiles/foc_fd6288.elf.dir/DSP_LIB/Source/StatisticsFunctions/arm_power_f32.c.obj
LOAD CMakeFiles/foc_fd6288.elf.dir/DSP_LIB/Source/StatisticsFunctions/arm_power_q15.c.obj
LOAD CMakeFiles/foc_fd6288.elf.dir/DSP_LIB/Source/StatisticsFunctions/arm_power_q31.c.obj
LOAD CMakeFiles/foc_fd6288.elf.dir/DSP_LIB/Source/StatisticsFunctions/arm_power_q7.c.obj
LOAD CMakeFiles/foc_fd6288.elf.dir/DSP_LIB/Source/StatisticsFunctions/arm_rms_f32.c.obj
LOAD CMakeFiles/foc_fd6288.elf.dir/DSP_LIB/Source/StatisticsFunctions/arm_rms_q15.c.obj
LOAD CMakeFiles/foc_fd6288.elf.dir/DSP_LIB/Source/StatisticsFunctions/arm_rms_q31.c.obj
LOAD CMakeFiles/foc_fd6288.elf.dir/DSP_LIB/Source/StatisticsFunctions/arm_std_f32.c.obj
LOAD CMakeFiles/foc_fd6288.elf.dir/DSP_LIB/Source/StatisticsFunctions/arm_std_q15.c.obj
LOAD CMakeFiles/foc_fd6288.elf.dir/DSP_LIB/Source/StatisticsFunctions/arm_std_q31.c.obj
LOAD CMakeFiles/foc_fd6288.elf.dir/DSP_LIB/Source/StatisticsFunctions/arm_var_f32.c.obj
LOAD CMakeFiles/foc_fd6288.elf.dir/DSP_LIB/Source/StatisticsFunctions/arm_var_q15.c.obj
LOAD CMakeFiles/foc_fd6288.elf.dir/DSP_LIB/Source/StatisticsFunctions/arm_var_q31.c.obj
LOAD CMakeFiles/foc_fd6288.elf.dir/DSP_LIB/Source/SupportFunctions/arm_copy_f32.c.obj
LOAD CMakeFiles/foc_fd6288.elf.dir/DSP_LIB/Source/SupportFunctions/arm_copy_q15.c.obj
LOAD CMakeFiles/foc_fd6288.elf.dir/DSP_LIB/Source/SupportFunctions/arm_copy_q31.c.obj
LOAD CMakeFiles/foc_fd6288.elf.dir/DSP_LIB/Source/SupportFunctions/arm_copy_q7.c.obj
LOAD CMakeFiles/foc_fd6288.elf.dir/DSP_LIB/Source/SupportFunctions/arm_fill_f32.c.obj
LOAD CMakeFiles/foc_fd6288.elf.dir/DSP_LIB/Source/SupportFunctions/arm_fill_q15.c.obj
LOAD CMakeFiles/foc_fd6288.elf.dir/DSP_LIB/Source/SupportFunctions/arm_fill_q31.c.obj
LOAD CMakeFiles/foc_fd6288.elf.dir/DSP_LIB/Source/SupportFunctions/arm_fill_q7.c.obj
LOAD CMakeFiles/foc_fd6288.elf.dir/DSP_LIB/Source/SupportFunctions/arm_float_to_q15.c.obj
LOAD CMakeFiles/foc_fd6288.elf.dir/DSP_LIB/Source/SupportFunctions/arm_float_to_q31.c.obj
LOAD CMakeFiles/foc_fd6288.elf.dir/DSP_LIB/Source/SupportFunctions/arm_float_to_q7.c.obj
LOAD CMakeFiles/foc_fd6288.elf.dir/DSP_LIB/Source/SupportFunctions/arm_q15_to_float.c.obj
LOAD CMakeFiles/foc_fd6288.elf.dir/DSP_LIB/Source/SupportFunctions/arm_q15_to_q31.c.obj
LOAD CMakeFiles/foc_fd6288.elf.dir/DSP_LIB/Source/SupportFunctions/arm_q15_to_q7.c.obj
LOAD CMakeFiles/foc_fd6288.elf.dir/DSP_LIB/Source/SupportFunctions/arm_q31_to_float.c.obj
LOAD CMakeFiles/foc_fd6288.elf.dir/DSP_LIB/Source/SupportFunctions/arm_q31_to_q15.c.obj
LOAD CMakeFiles/foc_fd6288.elf.dir/DSP_LIB/Source/SupportFunctions/arm_q31_to_q7.c.obj
LOAD CMakeFiles/foc_fd6288.elf.dir/DSP_LIB/Source/SupportFunctions/arm_q7_to_float.c.obj
LOAD CMakeFiles/foc_fd6288.elf.dir/DSP_LIB/Source/SupportFunctions/arm_q7_to_q15.c.obj
LOAD CMakeFiles/foc_fd6288.elf.dir/DSP_LIB/Source/SupportFunctions/arm_q7_to_q31.c.obj
LOAD CMakeFiles/foc_fd6288.elf.dir/DSP_LIB/Source/TransformFunctions/arm_bitreversal.c.obj
LOAD CMakeFiles/foc_fd6288.elf.dir/DSP_LIB/Source/TransformFunctions/arm_bitreversal2.S.obj
LOAD CMakeFiles/foc_fd6288.elf.dir/DSP_LIB/Source/TransformFunctions/arm_cfft_f32.c.obj
LOAD CMakeFiles/foc_fd6288.elf.dir/DSP_LIB/Source/TransformFunctions/arm_cfft_q15.c.obj
LOAD CMakeFiles/foc_fd6288.elf.dir/DSP_LIB/Source/TransformFunctions/arm_cfft_q31.c.obj
LOAD CMakeFiles/foc_fd6288.elf.dir/DSP_LIB/Source/TransformFunctions/arm_cfft_radix2_f32.c.obj
LOAD CMakeFiles/foc_fd6288.elf.dir/DSP_LIB/Source/TransformFunctions/arm_cfft_radix2_init_f32.c.obj
LOAD CMakeFiles/foc_fd6288.elf.dir/DSP_LIB/Source/TransformFunctions/arm_cfft_radix2_init_q15.c.obj
LOAD CMakeFiles/foc_fd6288.elf.dir/DSP_LIB/Source/TransformFunctions/arm_cfft_radix2_init_q31.c.obj
LOAD CMakeFiles/foc_fd6288.elf.dir/DSP_LIB/Source/TransformFunctions/arm_cfft_radix2_q15.c.obj
LOAD CMakeFiles/foc_fd6288.elf.dir/DSP_LIB/Source/TransformFunctions/arm_cfft_radix2_q31.c.obj
LOAD CMakeFiles/foc_fd6288.elf.dir/DSP_LIB/Source/TransformFunctions/arm_cfft_radix4_f32.c.obj
LOAD CMakeFiles/foc_fd6288.elf.dir/DSP_LIB/Source/TransformFunctions/arm_cfft_radix4_init_f32.c.obj
LOAD CMakeFiles/foc_fd6288.elf.dir/DSP_LIB/Source/TransformFunctions/arm_cfft_radix4_init_q15.c.obj
LOAD CMakeFiles/foc_fd6288.elf.dir/DSP_LIB/Source/TransformFunctions/arm_cfft_radix4_init_q31.c.obj
LOAD CMakeFiles/foc_fd6288.elf.dir/DSP_LIB/Source/TransformFunctions/arm_cfft_radix4_q15.c.obj
LOAD CMakeFiles/foc_fd6288.elf.dir/DSP_LIB/Source/TransformFunctions/arm_cfft_radix4_q31.c.obj
LOAD CMakeFiles/foc_fd6288.elf.dir/DSP_LIB/Source/TransformFunctions/arm_cfft_radix8_f32.c.obj
LOAD CMakeFiles/foc_fd6288.elf.dir/DSP_LIB/Source/TransformFunctions/arm_dct4_f32.c.obj
LOAD CMakeFiles/foc_fd6288.elf.dir/DSP_LIB/Source/TransformFunctions/arm_dct4_init_f32.c.obj
LOAD CMakeFiles/foc_fd6288.elf.dir/DSP_LIB/Source/TransformFunctions/arm_dct4_init_q15.c.obj
LOAD CMakeFiles/foc_fd6288.elf.dir/DSP_LIB/Source/TransformFunctions/arm_dct4_init_q31.c.obj
LOAD CMakeFiles/foc_fd6288.elf.dir/DSP_LIB/Source/TransformFunctions/arm_dct4_q15.c.obj
LOAD CMakeFiles/foc_fd6288.elf.dir/DSP_LIB/Source/TransformFunctions/arm_dct4_q31.c.obj
LOAD CMakeFiles/foc_fd6288.elf.dir/DSP_LIB/Source/TransformFunctions/arm_rfft_f32.c.obj
LOAD CMakeFiles/foc_fd6288.elf.dir/DSP_LIB/Source/TransformFunctions/arm_rfft_fast_f32.c.obj
LOAD CMakeFiles/foc_fd6288.elf.dir/DSP_LIB/Source/TransformFunctions/arm_rfft_fast_init_f32.c.obj
LOAD CMakeFiles/foc_fd6288.elf.dir/DSP_LIB/Source/TransformFunctions/arm_rfft_init_f32.c.obj
LOAD CMakeFiles/foc_fd6288.elf.dir/DSP_LIB/Source/TransformFunctions/arm_rfft_init_q15.c.obj
LOAD CMakeFiles/foc_fd6288.elf.dir/DSP_LIB/Source/TransformFunctions/arm_rfft_init_q31.c.obj
LOAD CMakeFiles/foc_fd6288.elf.dir/DSP_LIB/Source/TransformFunctions/arm_rfft_q15.c.obj
LOAD CMakeFiles/foc_fd6288.elf.dir/DSP_LIB/Source/TransformFunctions/arm_rfft_q31.c.obj
LOAD CMakeFiles/foc_fd6288.elf.dir/Drivers/STM32H7xx_HAL_Driver/Src/stm32h7xx_hal.c.obj
LOAD CMakeFiles/foc_fd6288.elf.dir/Drivers/STM32H7xx_HAL_Driver/Src/stm32h7xx_hal_adc.c.obj
LOAD CMakeFiles/foc_fd6288.elf.dir/Drivers/STM32H7xx_HAL_Driver/Src/stm32h7xx_hal_adc_ex.c.obj
LOAD CMakeFiles/foc_fd6288.elf.dir/Drivers/STM32H7xx_HAL_Driver/Src/stm32h7xx_hal_cortex.c.obj
LOAD CMakeFiles/foc_fd6288.elf.dir/Drivers/STM32H7xx_HAL_Driver/Src/stm32h7xx_hal_dma.c.obj
LOAD CMakeFiles/foc_fd6288.elf.dir/Drivers/STM32H7xx_HAL_Driver/Src/stm32h7xx_hal_dma_ex.c.obj
LOAD CMakeFiles/foc_fd6288.elf.dir/Drivers/STM32H7xx_HAL_Driver/Src/stm32h7xx_hal_exti.c.obj
LOAD CMakeFiles/foc_fd6288.elf.dir/Drivers/STM32H7xx_HAL_Driver/Src/stm32h7xx_hal_flash.c.obj
LOAD CMakeFiles/foc_fd6288.elf.dir/Drivers/STM32H7xx_HAL_Driver/Src/stm32h7xx_hal_flash_ex.c.obj
LOAD CMakeFiles/foc_fd6288.elf.dir/Drivers/STM32H7xx_HAL_Driver/Src/stm32h7xx_hal_gpio.c.obj
LOAD CMakeFiles/foc_fd6288.elf.dir/Drivers/STM32H7xx_HAL_Driver/Src/stm32h7xx_hal_hsem.c.obj
LOAD CMakeFiles/foc_fd6288.elf.dir/Drivers/STM32H7xx_HAL_Driver/Src/stm32h7xx_hal_i2c.c.obj
LOAD CMakeFiles/foc_fd6288.elf.dir/Drivers/STM32H7xx_HAL_Driver/Src/stm32h7xx_hal_i2c_ex.c.obj
LOAD CMakeFiles/foc_fd6288.elf.dir/Drivers/STM32H7xx_HAL_Driver/Src/stm32h7xx_hal_mdma.c.obj
LOAD CMakeFiles/foc_fd6288.elf.dir/Drivers/STM32H7xx_HAL_Driver/Src/stm32h7xx_hal_pcd.c.obj
LOAD CMakeFiles/foc_fd6288.elf.dir/Drivers/STM32H7xx_HAL_Driver/Src/stm32h7xx_hal_pcd_ex.c.obj
LOAD CMakeFiles/foc_fd6288.elf.dir/Drivers/STM32H7xx_HAL_Driver/Src/stm32h7xx_hal_pwr.c.obj
LOAD CMakeFiles/foc_fd6288.elf.dir/Drivers/STM32H7xx_HAL_Driver/Src/stm32h7xx_hal_pwr_ex.c.obj
LOAD CMakeFiles/foc_fd6288.elf.dir/Drivers/STM32H7xx_HAL_Driver/Src/stm32h7xx_hal_rcc.c.obj
LOAD CMakeFiles/foc_fd6288.elf.dir/Drivers/STM32H7xx_HAL_Driver/Src/stm32h7xx_hal_rcc_ex.c.obj
LOAD CMakeFiles/foc_fd6288.elf.dir/Drivers/STM32H7xx_HAL_Driver/Src/stm32h7xx_hal_spi.c.obj
LOAD CMakeFiles/foc_fd6288.elf.dir/Drivers/STM32H7xx_HAL_Driver/Src/stm32h7xx_hal_spi_ex.c.obj
LOAD CMakeFiles/foc_fd6288.elf.dir/Drivers/STM32H7xx_HAL_Driver/Src/stm32h7xx_hal_tim.c.obj
LOAD CMakeFiles/foc_fd6288.elf.dir/Drivers/STM32H7xx_HAL_Driver/Src/stm32h7xx_hal_tim_ex.c.obj
LOAD CMakeFiles/foc_fd6288.elf.dir/Drivers/STM32H7xx_HAL_Driver/Src/stm32h7xx_hal_uart.c.obj
LOAD CMakeFiles/foc_fd6288.elf.dir/Drivers/STM32H7xx_HAL_Driver/Src/stm32h7xx_hal_uart_ex.c.obj
LOAD CMakeFiles/foc_fd6288.elf.dir/Drivers/STM32H7xx_HAL_Driver/Src/stm32h7xx_ll_usb.c.obj
LOAD CMakeFiles/foc_fd6288.elf.dir/Middlewares/ST/STM32_USB_Device_Library/Class/CDC/Src/usbd_cdc.c.obj
LOAD CMakeFiles/foc_fd6288.elf.dir/Middlewares/ST/STM32_USB_Device_Library/Core/Src/usbd_core.c.obj
LOAD CMakeFiles/foc_fd6288.elf.dir/Middlewares/ST/STM32_USB_Device_Library/Core/Src/usbd_ctlreq.c.obj
LOAD CMakeFiles/foc_fd6288.elf.dir/Middlewares/ST/STM32_USB_Device_Library/Core/Src/usbd_ioreq.c.obj
LOAD CMakeFiles/foc_fd6288.elf.dir/USB_DEVICE/App/usb_device.c.obj
LOAD CMakeFiles/foc_fd6288.elf.dir/USB_DEVICE/App/usbd_cdc_if.c.obj
LOAD CMakeFiles/foc_fd6288.elf.dir/USB_DEVICE/App/usbd_desc.c.obj
LOAD CMakeFiles/foc_fd6288.elf.dir/USB_DEVICE/Target/usbd_conf.c.obj
LOAD CMakeFiles/foc_fd6288.elf.dir/foc/as5047_user.c.obj
LOAD CMakeFiles/foc_fd6288.elf.dir/foc/as5600.c.obj
LOAD CMakeFiles/foc_fd6288.elf.dir/foc/foc.c.obj
LOAD CMakeFiles/foc_fd6288.elf.dir/foc/spwm.c.obj
LOAD CMakeFiles/foc_fd6288.elf.dir/foc/svpwm.c.obj
LOAD CMakeFiles/foc_fd6288.elf.dir/foc/user_adc.c.obj
START GROUP
LOAD d:/my_program/gnu_arm/bin/../lib/gcc/arm-none-eabi/10.3.1/thumb/v7e-m+fp/hard\libgcc.a
LOAD d:/my_program/gnu_arm/bin/../lib/gcc/arm-none-eabi/10.3.1/../../../../arm-none-eabi/lib/thumb/v7e-m+fp/hard\libg.a
LOAD d:/my_program/gnu_arm/bin/../lib/gcc/arm-none-eabi/10.3.1/../../../../arm-none-eabi/lib/thumb/v7e-m+fp/hard\libc.a
END GROUP
LOAD d:/my_program/gnu_arm/bin/../lib/gcc/arm-none-eabi/10.3.1/thumb/v7e-m+fp/hard/crtend.o
LOAD d:/my_program/gnu_arm/bin/../lib/gcc/arm-none-eabi/10.3.1/thumb/v7e-m+fp/hard/crtn.o
                0x24080000                _estack = (ORIGIN (RAM_D1) + LENGTH (RAM_D1))
                0x00000200                _Min_Heap_Size = 0x200
                0x00000400                _Min_Stack_Size = 0x400

.isr_vector     0x08000000      0x298
                0x08000000                . = ALIGN (0x4)
 *(.isr_vector)
 .isr_vector    0x08000000      0x298 CMakeFiles/foc_fd6288.elf.dir/Core/Startup/startup_stm32h750vbtx.s.obj
                0x08000000                g_pfnVectors
                0x08000298                . = ALIGN (0x4)

.text           0x080002c0    0x12e84
                0x080002c0                . = ALIGN (0x4)
 *(.text)
 .text          0x080002c0       0x40 d:/my_program/gnu_arm/bin/../lib/gcc/arm-none-eabi/10.3.1/thumb/v7e-m+fp/hard/crtbegin.o
 .text          0x08000300      0x378 d:/my_program/gnu_arm/bin/../lib/gcc/arm-none-eabi/10.3.1/thumb/v7e-m+fp/hard\libgcc.a(_arm_addsubdf3.o)
                0x08000300                __aeabi_drsub
                0x08000308                __aeabi_dsub
                0x08000308                __subdf3
                0x0800030c                __aeabi_dadd
                0x0800030c                __adddf3
                0x08000584                __floatunsidf
                0x08000584                __aeabi_ui2d
                0x080005a4                __floatsidf
                0x080005a4                __aeabi_i2d
                0x080005c8                __aeabi_f2d
                0x080005c8                __extendsfdf2
                0x0800060c                __floatundidf
                0x0800060c                __aeabi_ul2d
                0x0800061c                __floatdidf
                0x0800061c                __aeabi_l2d
 .text          0x08000678      0x424 d:/my_program/gnu_arm/bin/../lib/gcc/arm-none-eabi/10.3.1/thumb/v7e-m+fp/hard\libgcc.a(_arm_muldivdf3.o)
                0x08000678                __aeabi_dmul
                0x08000678                __muldf3
                0x080008cc                __divdf3
                0x080008cc                __aeabi_ddiv
 .text          0x08000a9c      0x110 d:/my_program/gnu_arm/bin/../lib/gcc/arm-none-eabi/10.3.1/thumb/v7e-m+fp/hard\libgcc.a(_arm_cmpdf2.o)
                0x08000a9c                __gtdf2
                0x08000a9c                __gedf2
                0x08000aa4                __ltdf2
                0x08000aa4                __ledf2
                0x08000aac                __nedf2
                0x08000aac                __eqdf2
                0x08000aac                __cmpdf2
                0x08000b28                __aeabi_cdrcmple
                0x08000b38                __aeabi_cdcmpeq
                0x08000b38                __aeabi_cdcmple
                0x08000b48                __aeabi_dcmpeq
                0x08000b5c                __aeabi_dcmplt
                0x08000b70                __aeabi_dcmple
                0x08000b84                __aeabi_dcmpge
                0x08000b98                __aeabi_dcmpgt
 .text          0x08000bac       0xa0 d:/my_program/gnu_arm/bin/../lib/gcc/arm-none-eabi/10.3.1/thumb/v7e-m+fp/hard\libgcc.a(_arm_truncdfsf2.o)
                0x08000bac                __truncdfsf2
                0x08000bac                __aeabi_d2f
 .text          0x08000c4c       0x30 d:/my_program/gnu_arm/bin/../lib/gcc/arm-none-eabi/10.3.1/thumb/v7e-m+fp/hard\libgcc.a(_aeabi_uldivmod.o)
                0x08000c4c                __aeabi_uldivmod
 .text          0x08000c7c      0x2d0 d:/my_program/gnu_arm/bin/../lib/gcc/arm-none-eabi/10.3.1/thumb/v7e-m+fp/hard\libgcc.a(_udivmoddi4.o)
                0x08000c7c                __udivmoddi4
 .text          0x08000f4c        0x4 d:/my_program/gnu_arm/bin/../lib/gcc/arm-none-eabi/10.3.1/thumb/v7e-m+fp/hard\libgcc.a(_dvmd_tls.o)
                0x08000f4c                __aeabi_idiv0
                0x08000f4c                __aeabi_ldiv0
 .text          0x08000f50       0xa0 d:/my_program/gnu_arm/bin/../lib/gcc/arm-none-eabi/10.3.1/../../../../arm-none-eabi/lib/thumb/v7e-m+fp/hard\libg.a(lib_a-memchr.o)
                0x08000f50                memchr
 .text          0x08000ff0      0x134 d:/my_program/gnu_arm/bin/../lib/gcc/arm-none-eabi/10.3.1/../../../../arm-none-eabi/lib/thumb/v7e-m+fp/hard\libg.a(lib_a-memcpy.o)
                0x08000ff0                memcpy
 *fill*         0x08001124       0x1c 
 .text          0x08001140       0xdc d:/my_program/gnu_arm/bin/../lib/gcc/arm-none-eabi/10.3.1/../../../../arm-none-eabi/lib/thumb/v7e-m+fp/hard\libg.a(lib_a-strlen.o)
                0x08001140                strlen
 .text          0x0800121c       0x2c d:/my_program/gnu_arm/bin/../lib/gcc/arm-none-eabi/10.3.1/thumb/v7e-m+fp/hard\libgcc.a(_arm_unorddf2.o)
                0x0800121c                __unorddf2
                0x0800121c                __aeabi_dcmpun
 .text          0x08001248       0x50 d:/my_program/gnu_arm/bin/../lib/gcc/arm-none-eabi/10.3.1/thumb/v7e-m+fp/hard\libgcc.a(_arm_fixdfsi.o)
                0x08001248                __aeabi_d2iz
                0x08001248                __fixdfsi
 *(.text*)
 .text.error_inf_loop
                0x08001298        0x2 CMakeFiles/foc_fd6288.elf.dir/AS5047/AS5047P.c.obj
                0x08001298                error_inf_loop
 .text.Parity_bit_Calculate
                0x0800129a       0x12 CMakeFiles/foc_fd6288.elf.dir/AS5047/AS5047P.c.obj
                0x0800129a                Parity_bit_Calculate
 .text.SPI_ReadWrite_OneByte
                0x080012ac       0x64 CMakeFiles/foc_fd6288.elf.dir/AS5047/AS5047P.c.obj
                0x080012ac                SPI_ReadWrite_OneByte
 .text.AS5047_WriteData
                0x08001310       0x88 CMakeFiles/foc_fd6288.elf.dir/AS5047/AS5047P.c.obj
                0x08001310                AS5047_WriteData
 .text.AS5047_ReadData
                0x08001398       0x2a CMakeFiles/foc_fd6288.elf.dir/AS5047/AS5047P.c.obj
                0x08001398                AS5047_ReadData
 .text.AS5047_Init
                0x080013c2       0x22 CMakeFiles/foc_fd6288.elf.dir/AS5047/AS5047P.c.obj
                0x080013c2                AS5047_Init
 .text.MX_ADC1_Init
                0x080013e4      0x124 CMakeFiles/foc_fd6288.elf.dir/Core/Src/adc.c.obj
                0x080013e4                MX_ADC1_Init
 .text.HAL_ADC_MspInit
                0x08001508       0xc4 CMakeFiles/foc_fd6288.elf.dir/Core/Src/adc.c.obj
                0x08001508                HAL_ADC_MspInit
 .text.MX_DMA_Init
                0x080015cc       0x38 CMakeFiles/foc_fd6288.elf.dir/Core/Src/dma.c.obj
                0x080015cc                MX_DMA_Init
 .text.MX_GPIO_Init
                0x08001604      0x108 CMakeFiles/foc_fd6288.elf.dir/Core/Src/gpio.c.obj
                0x08001604                MX_GPIO_Init
 .text.MX_I2C1_Init
                0x0800170c       0x60 CMakeFiles/foc_fd6288.elf.dir/Core/Src/i2c.c.obj
                0x0800170c                MX_I2C1_Init
 .text.HAL_I2C_MspInit
                0x0800176c       0x70 CMakeFiles/foc_fd6288.elf.dir/Core/Src/i2c.c.obj
                0x0800176c                HAL_I2C_MspInit
 .text.HAL_ADCEx_InjectedConvCpltCallback
                0x080017dc       0xdc CMakeFiles/foc_fd6288.elf.dir/Core/Src/main.c.obj
                0x080017dc                HAL_ADCEx_InjectedConvCpltCallback
 .text.UART_printf
                0x080018b8       0x34 CMakeFiles/foc_fd6288.elf.dir/Core/Src/main.c.obj
                0x080018b8                UART_printf
 .text.Error_Handler
                0x080018ec        0x4 CMakeFiles/foc_fd6288.elf.dir/Core/Src/main.c.obj
                0x080018ec                Error_Handler
 .text.SystemClock_Config
                0x080018f0      0x124 CMakeFiles/foc_fd6288.elf.dir/Core/Src/main.c.obj
                0x080018f0                SystemClock_Config
 .text.main     0x08001a14      0x100 CMakeFiles/foc_fd6288.elf.dir/Core/Src/main.c.obj
                0x08001a14                main
 .text.MX_SPI1_Init
                0x08001b14       0x60 CMakeFiles/foc_fd6288.elf.dir/Core/Src/spi.c.obj
                0x08001b14                MX_SPI1_Init
 .text.HAL_SPI_MspInit
                0x08001b74       0xa4 CMakeFiles/foc_fd6288.elf.dir/Core/Src/spi.c.obj
                0x08001b74                HAL_SPI_MspInit
 .text.HAL_MspInit
                0x08001c18       0x24 CMakeFiles/foc_fd6288.elf.dir/Core/Src/stm32h7xx_hal_msp.c.obj
                0x08001c18                HAL_MspInit
 .text.NMI_Handler
                0x08001c3c        0x2 CMakeFiles/foc_fd6288.elf.dir/Core/Src/stm32h7xx_it.c.obj
                0x08001c3c                NMI_Handler
 .text.HardFault_Handler
                0x08001c3e        0x2 CMakeFiles/foc_fd6288.elf.dir/Core/Src/stm32h7xx_it.c.obj
                0x08001c3e                HardFault_Handler
 .text.MemManage_Handler
                0x08001c40        0x2 CMakeFiles/foc_fd6288.elf.dir/Core/Src/stm32h7xx_it.c.obj
                0x08001c40                MemManage_Handler
 .text.BusFault_Handler
                0x08001c42        0x2 CMakeFiles/foc_fd6288.elf.dir/Core/Src/stm32h7xx_it.c.obj
                0x08001c42                BusFault_Handler
 .text.UsageFault_Handler
                0x08001c44        0x2 CMakeFiles/foc_fd6288.elf.dir/Core/Src/stm32h7xx_it.c.obj
                0x08001c44                UsageFault_Handler
 .text.SVC_Handler
                0x08001c46        0x2 CMakeFiles/foc_fd6288.elf.dir/Core/Src/stm32h7xx_it.c.obj
                0x08001c46                SVC_Handler
 .text.DebugMon_Handler
                0x08001c48        0x2 CMakeFiles/foc_fd6288.elf.dir/Core/Src/stm32h7xx_it.c.obj
                0x08001c48                DebugMon_Handler
 .text.PendSV_Handler
                0x08001c4a        0x2 CMakeFiles/foc_fd6288.elf.dir/Core/Src/stm32h7xx_it.c.obj
                0x08001c4a                PendSV_Handler
 .text.SysTick_Handler
                0x08001c4c        0x8 CMakeFiles/foc_fd6288.elf.dir/Core/Src/stm32h7xx_it.c.obj
                0x08001c4c                SysTick_Handler
 .text.DMA1_Stream0_IRQHandler
                0x08001c54       0x10 CMakeFiles/foc_fd6288.elf.dir/Core/Src/stm32h7xx_it.c.obj
                0x08001c54                DMA1_Stream0_IRQHandler
 .text.ADC_IRQHandler
                0x08001c64       0x10 CMakeFiles/foc_fd6288.elf.dir/Core/Src/stm32h7xx_it.c.obj
                0x08001c64                ADC_IRQHandler
 .text.OTG_FS_IRQHandler
                0x08001c74       0x10 CMakeFiles/foc_fd6288.elf.dir/Core/Src/stm32h7xx_it.c.obj
                0x08001c74                OTG_FS_IRQHandler
 .text._getpid  0x08001c84        0x4 CMakeFiles/foc_fd6288.elf.dir/Core/Src/syscalls.c.obj
                0x08001c84                _getpid
 .text._kill    0x08001c88       0x10 CMakeFiles/foc_fd6288.elf.dir/Core/Src/syscalls.c.obj
                0x08001c88                _kill
 .text._exit    0x08001c98        0xc CMakeFiles/foc_fd6288.elf.dir/Core/Src/syscalls.c.obj
                0x08001c98                _exit
 .text._read    0x08001ca4       0x20 CMakeFiles/foc_fd6288.elf.dir/Core/Src/syscalls.c.obj
                0x08001ca4                _read
 .text._write   0x08001cc4       0x1c CMakeFiles/foc_fd6288.elf.dir/Core/Src/syscalls.c.obj
                0x08001cc4                _write
 .text._close   0x08001ce0        0x6 CMakeFiles/foc_fd6288.elf.dir/Core/Src/syscalls.c.obj
                0x08001ce0                _close
 .text._fstat   0x08001ce6        0xa CMakeFiles/foc_fd6288.elf.dir/Core/Src/syscalls.c.obj
                0x08001ce6                _fstat
 .text._isatty  0x08001cf0        0x4 CMakeFiles/foc_fd6288.elf.dir/Core/Src/syscalls.c.obj
                0x08001cf0                _isatty
 .text._lseek   0x08001cf4        0x4 CMakeFiles/foc_fd6288.elf.dir/Core/Src/syscalls.c.obj
                0x08001cf4                _lseek
 .text._sbrk    0x08001cf8       0x48 CMakeFiles/foc_fd6288.elf.dir/Core/Src/sysmem.c.obj
                0x08001cf8                _sbrk
 .text.SystemInit
                0x08001d40       0xd4 CMakeFiles/foc_fd6288.elf.dir/Core/Src/system_stm32h7xx.c.obj
                0x08001d40                SystemInit
 .text.HAL_TIM_Base_MspInit
                0x08001e14       0x34 CMakeFiles/foc_fd6288.elf.dir/Core/Src/tim.c.obj
                0x08001e14                HAL_TIM_Base_MspInit
 .text.HAL_TIM_MspPostInit
                0x08001e48       0xc0 CMakeFiles/foc_fd6288.elf.dir/Core/Src/tim.c.obj
                0x08001e48                HAL_TIM_MspPostInit
 .text.MX_TIM1_Init
                0x08001f08      0x138 CMakeFiles/foc_fd6288.elf.dir/Core/Src/tim.c.obj
                0x08001f08                MX_TIM1_Init
 .text.MX_USART1_UART_Init
                0x08002040       0x68 CMakeFiles/foc_fd6288.elf.dir/Core/Src/usart.c.obj
                0x08002040                MX_USART1_UART_Init
 .text.HAL_UART_MspInit
                0x080020a8       0x78 CMakeFiles/foc_fd6288.elf.dir/Core/Src/usart.c.obj
                0x080020a8                HAL_UART_MspInit
 .text.Reset_Handler
                0x08002120       0x50 CMakeFiles/foc_fd6288.elf.dir/Core/Startup/startup_stm32h750vbtx.s.obj
                0x08002120                Reset_Handler
 .text.Default_Handler
                0x08002170        0x2 CMakeFiles/foc_fd6288.elf.dir/Core/Startup/startup_stm32h750vbtx.s.obj
                0x08002170                RTC_Alarm_IRQHandler
                0x08002170                HASH_RNG_IRQHandler
                0x08002170                EXTI2_IRQHandler
                0x08002170                TIM8_CC_IRQHandler
                0x08002170                HRTIM1_Master_IRQHandler
                0x08002170                UART8_IRQHandler
                0x08002170                SPI4_IRQHandler
                0x08002170                TIM1_CC_IRQHandler
                0x08002170                BDMA_Channel6_IRQHandler
                0x08002170                DMA2_Stream5_IRQHandler
                0x08002170                HRTIM1_FLT_IRQHandler
                0x08002170                JPEG_IRQHandler
                0x08002170                DMA1_Stream5_IRQHandler
                0x08002170                BDMA_Channel1_IRQHandler
                0x08002170                HRTIM1_TIMD_IRQHandler
                0x08002170                TAMP_STAMP_IRQHandler
                0x08002170                EXTI3_IRQHandler
                0x08002170                LPTIM4_IRQHandler
                0x08002170                TIM8_TRG_COM_TIM14_IRQHandler
                0x08002170                LPTIM2_IRQHandler
                0x08002170                DFSDM1_FLT1_IRQHandler
                0x08002170                DMAMUX2_OVR_IRQHandler
                0x08002170                TIM8_UP_TIM13_IRQHandler
                0x08002170                I2C3_ER_IRQHandler
                0x08002170                DFSDM1_FLT2_IRQHandler
                0x08002170                MDMA_IRQHandler
                0x08002170                LPTIM3_IRQHandler
                0x08002170                HSEM1_IRQHandler
                0x08002170                EXTI0_IRQHandler
                0x08002170                I2C2_EV_IRQHandler
                0x08002170                DMA1_Stream2_IRQHandler
                0x08002170                FPU_IRQHandler
                0x08002170                OTG_HS_WKUP_IRQHandler
                0x08002170                FDCAN1_IT1_IRQHandler
                0x08002170                LTDC_ER_IRQHandler
                0x08002170                DMA2_Stream2_IRQHandler
                0x08002170                HRTIM1_TIME_IRQHandler
                0x08002170                SPI1_IRQHandler
                0x08002170                TIM6_DAC_IRQHandler
                0x08002170                DCMI_IRQHandler
                0x08002170                HRTIM1_TIMC_IRQHandler
                0x08002170                DMA2_Stream3_IRQHandler
                0x08002170                SAI2_IRQHandler
                0x08002170                DFSDM1_FLT3_IRQHandler
                0x08002170                USART6_IRQHandler
                0x08002170                TIM17_IRQHandler
                0x08002170                USART3_IRQHandler
                0x08002170                BDMA_Channel7_IRQHandler
                0x08002170                CRYP_IRQHandler
                0x08002170                LPTIM5_IRQHandler
                0x08002170                UART5_IRQHandler
                0x08002170                ADC3_IRQHandler
                0x08002170                DMA2_Stream0_IRQHandler
                0x08002170                TIM4_IRQHandler
                0x08002170                BDMA_Channel2_IRQHandler
                0x08002170                QUADSPI_IRQHandler
                0x08002170                I2C1_EV_IRQHandler
                0x08002170                DMA1_Stream6_IRQHandler
                0x08002170                DMAMUX1_OVR_IRQHandler
                0x08002170                DMA1_Stream1_IRQHandler
                0x08002170                TIM16_IRQHandler
                0x08002170                UART4_IRQHandler
                0x08002170                BDMA_Channel5_IRQHandler
                0x08002170                TIM3_IRQHandler
                0x08002170                RCC_IRQHandler
                0x08002170                TIM8_BRK_TIM12_IRQHandler
                0x08002170                TIM1_TRG_COM_IRQHandler
                0x08002170                Default_Handler
                0x08002170                ECC_IRQHandler
                0x08002170                CEC_IRQHandler
                0x08002170                EXTI15_10_IRQHandler
                0x08002170                BDMA_Channel0_IRQHandler
                0x08002170                DMA1_Stream7_IRQHandler
                0x08002170                HRTIM1_TIMA_IRQHandler
                0x08002170                SPI5_IRQHandler
                0x08002170                TIM7_IRQHandler
                0x08002170                SDMMC1_IRQHandler
                0x08002170                TIM5_IRQHandler
                0x08002170                DMA2_Stream7_IRQHandler
                0x08002170                TIM15_IRQHandler
                0x08002170                PVD_AVD_IRQHandler
                0x08002170                I2C3_EV_IRQHandler
                0x08002170                EXTI9_5_IRQHandler
                0x08002170                RTC_WKUP_IRQHandler
                0x08002170                LTDC_IRQHandler
                0x08002170                SAI3_IRQHandler
                0x08002170                ETH_WKUP_IRQHandler
                0x08002170                SPDIF_RX_IRQHandler
                0x08002170                SPI2_IRQHandler
                0x08002170                OTG_HS_EP1_IN_IRQHandler
                0x08002170                CRS_IRQHandler
                0x08002170                EXTI4_IRQHandler
                0x08002170                HRTIM1_TIMB_IRQHandler
                0x08002170                FDCAN2_IT1_IRQHandler
                0x08002170                ETH_IRQHandler
                0x08002170                TIM1_UP_IRQHandler
                0x08002170                BDMA_Channel4_IRQHandler
                0x08002170                OTG_HS_EP1_OUT_IRQHandler
                0x08002170                WWDG_IRQHandler
                0x08002170                SPI6_IRQHandler
                0x08002170                MDIOS_IRQHandler
                0x08002170                I2C4_EV_IRQHandler
                0x08002170                FDCAN2_IT0_IRQHandler
                0x08002170                LPUART1_IRQHandler
                0x08002170                FDCAN1_IT0_IRQHandler
                0x08002170                TIM2_IRQHandler
                0x08002170                OTG_FS_WKUP_IRQHandler
                0x08002170                OTG_HS_IRQHandler
                0x08002170                DMA2D_IRQHandler
                0x08002170                TIM1_BRK_IRQHandler
                0x08002170                EXTI1_IRQHandler
                0x08002170                SDMMC2_IRQHandler
                0x08002170                OTG_FS_EP1_OUT_IRQHandler
                0x08002170                BDMA_Channel3_IRQHandler
                0x08002170                UART7_IRQHandler
                0x08002170                MDIOS_WKUP_IRQHandler
                0x08002170                USART2_IRQHandler
                0x08002170                DFSDM1_FLT0_IRQHandler
                0x08002170                SAI4_IRQHandler
                0x08002170                I2C2_ER_IRQHandler
                0x08002170                DMA2_Stream1_IRQHandler
                0x08002170                FLASH_IRQHandler
                0x08002170                DMA2_Stream4_IRQHandler
                0x08002170                USART1_IRQHandler
                0x08002170                SPI3_IRQHandler
                0x08002170                WAKEUP_PIN_IRQHandler
                0x08002170                DMA1_Stream4_IRQHandler
                0x08002170                OTG_FS_EP1_IN_IRQHandler
                0x08002170                I2C1_ER_IRQHandler
                0x08002170                FMC_IRQHandler
                0x08002170                FDCAN_CAL_IRQHandler
                0x08002170                SWPMI1_IRQHandler
                0x08002170                COMP1_IRQHandler
                0x08002170                LPTIM1_IRQHandler
                0x08002170                I2C4_ER_IRQHandler
                0x08002170                DMA2_Stream6_IRQHandler
                0x08002170                SAI1_IRQHandler
                0x08002170                DMA1_Stream3_IRQHandler
 *fill*         0x08002172        0x2 
 .text.arm_sin_cos_f32
                0x08002174      0x13c CMakeFiles/foc_fd6288.elf.dir/DSP_LIB/Source/ControllerFunctions/arm_sin_cos_f32.c.obj
                0x08002174                arm_sin_cos_f32
 .text.HAL_InitTick
                0x080022b0       0x50 CMakeFiles/foc_fd6288.elf.dir/Drivers/STM32H7xx_HAL_Driver/Src/stm32h7xx_hal.c.obj
                0x080022b0                HAL_InitTick
 .text.HAL_Init
                0x08002300       0x5c CMakeFiles/foc_fd6288.elf.dir/Drivers/STM32H7xx_HAL_Driver/Src/stm32h7xx_hal.c.obj
                0x08002300                HAL_Init
 .text.HAL_IncTick
                0x0800235c       0x18 CMakeFiles/foc_fd6288.elf.dir/Drivers/STM32H7xx_HAL_Driver/Src/stm32h7xx_hal.c.obj
                0x0800235c                HAL_IncTick
 .text.HAL_GetTick
                0x08002374        0xc CMakeFiles/foc_fd6288.elf.dir/Drivers/STM32H7xx_HAL_Driver/Src/stm32h7xx_hal.c.obj
                0x08002374                HAL_GetTick
 .text.HAL_Delay
                0x08002380       0x28 CMakeFiles/foc_fd6288.elf.dir/Drivers/STM32H7xx_HAL_Driver/Src/stm32h7xx_hal.c.obj
                0x08002380                HAL_Delay
 .text.HAL_GetREVID
                0x080023a8        0xc CMakeFiles/foc_fd6288.elf.dir/Drivers/STM32H7xx_HAL_Driver/Src/stm32h7xx_hal.c.obj
                0x080023a8                HAL_GetREVID
 .text.HAL_ADC_ConvCpltCallback
                0x080023b4        0x2 CMakeFiles/foc_fd6288.elf.dir/Drivers/STM32H7xx_HAL_Driver/Src/stm32h7xx_hal_adc.c.obj
                0x080023b4                HAL_ADC_ConvCpltCallback
 .text.HAL_ADC_ConvHalfCpltCallback
                0x080023b6        0x2 CMakeFiles/foc_fd6288.elf.dir/Drivers/STM32H7xx_HAL_Driver/Src/stm32h7xx_hal_adc.c.obj
                0x080023b6                HAL_ADC_ConvHalfCpltCallback
 .text.ADC_DMAHalfConvCplt
                0x080023b8        0xa CMakeFiles/foc_fd6288.elf.dir/Drivers/STM32H7xx_HAL_Driver/Src/stm32h7xx_hal_adc.c.obj
                0x080023b8                ADC_DMAHalfConvCplt
 .text.HAL_ADC_LevelOutOfWindowCallback
                0x080023c2        0x2 CMakeFiles/foc_fd6288.elf.dir/Drivers/STM32H7xx_HAL_Driver/Src/stm32h7xx_hal_adc.c.obj
                0x080023c2                HAL_ADC_LevelOutOfWindowCallback
 .text.HAL_ADC_ErrorCallback
                0x080023c4        0x2 CMakeFiles/foc_fd6288.elf.dir/Drivers/STM32H7xx_HAL_Driver/Src/stm32h7xx_hal_adc.c.obj
                0x080023c4                HAL_ADC_ErrorCallback
 *fill*         0x080023c6        0x2 
 .text.HAL_ADC_IRQHandler
                0x080023c8      0x2d8 CMakeFiles/foc_fd6288.elf.dir/Drivers/STM32H7xx_HAL_Driver/Src/stm32h7xx_hal_adc.c.obj
                0x080023c8                HAL_ADC_IRQHandler
 .text.ADC_DMAConvCplt
                0x080026a0       0x88 CMakeFiles/foc_fd6288.elf.dir/Drivers/STM32H7xx_HAL_Driver/Src/stm32h7xx_hal_adc.c.obj
                0x080026a0                ADC_DMAConvCplt
 .text.ADC_DMAError
                0x08002728       0x1a CMakeFiles/foc_fd6288.elf.dir/Drivers/STM32H7xx_HAL_Driver/Src/stm32h7xx_hal_adc.c.obj
                0x08002728                ADC_DMAError
 *fill*         0x08002742        0x2 
 .text.HAL_ADC_ConfigChannel
                0x08002744      0x4a8 CMakeFiles/foc_fd6288.elf.dir/Drivers/STM32H7xx_HAL_Driver/Src/stm32h7xx_hal_adc.c.obj
                0x08002744                HAL_ADC_ConfigChannel
 .text.ADC_Enable
                0x08002bec       0xcc CMakeFiles/foc_fd6288.elf.dir/Drivers/STM32H7xx_HAL_Driver/Src/stm32h7xx_hal_adc.c.obj
                0x08002bec                ADC_Enable
 .text.HAL_ADC_Start_DMA
                0x08002cb8      0x11c CMakeFiles/foc_fd6288.elf.dir/Drivers/STM32H7xx_HAL_Driver/Src/stm32h7xx_hal_adc.c.obj
                0x08002cb8                HAL_ADC_Start_DMA
 .text.ADC_ConfigureBoostMode
                0x08002dd4      0x164 CMakeFiles/foc_fd6288.elf.dir/Drivers/STM32H7xx_HAL_Driver/Src/stm32h7xx_hal_adc.c.obj
                0x08002dd4                ADC_ConfigureBoostMode
 .text.HAL_ADC_Init
                0x08002f38      0x260 CMakeFiles/foc_fd6288.elf.dir/Drivers/STM32H7xx_HAL_Driver/Src/stm32h7xx_hal_adc.c.obj
                0x08002f38                HAL_ADC_Init
 .text.HAL_ADCEx_InjectedStart_IT
                0x08003198      0x150 CMakeFiles/foc_fd6288.elf.dir/Drivers/STM32H7xx_HAL_Driver/Src/stm32h7xx_hal_adc_ex.c.obj
                0x08003198                HAL_ADCEx_InjectedStart_IT
 .text.HAL_ADCEx_InjectedGetValue
                0x080032e8       0x38 CMakeFiles/foc_fd6288.elf.dir/Drivers/STM32H7xx_HAL_Driver/Src/stm32h7xx_hal_adc_ex.c.obj
                0x080032e8                HAL_ADCEx_InjectedGetValue
 .text.HAL_ADCEx_InjectedQueueOverflowCallback
                0x08003320        0x2 CMakeFiles/foc_fd6288.elf.dir/Drivers/STM32H7xx_HAL_Driver/Src/stm32h7xx_hal_adc_ex.c.obj
                0x08003320                HAL_ADCEx_InjectedQueueOverflowCallback
 .text.HAL_ADCEx_LevelOutOfWindow2Callback
                0x08003322        0x2 CMakeFiles/foc_fd6288.elf.dir/Drivers/STM32H7xx_HAL_Driver/Src/stm32h7xx_hal_adc_ex.c.obj
                0x08003322                HAL_ADCEx_LevelOutOfWindow2Callback
 .text.HAL_ADCEx_LevelOutOfWindow3Callback
                0x08003324        0x2 CMakeFiles/foc_fd6288.elf.dir/Drivers/STM32H7xx_HAL_Driver/Src/stm32h7xx_hal_adc_ex.c.obj
                0x08003324                HAL_ADCEx_LevelOutOfWindow3Callback
 .text.HAL_ADCEx_EndOfSamplingCallback
                0x08003326        0x2 CMakeFiles/foc_fd6288.elf.dir/Drivers/STM32H7xx_HAL_Driver/Src/stm32h7xx_hal_adc_ex.c.obj
                0x08003326                HAL_ADCEx_EndOfSamplingCallback
 .text.HAL_ADCEx_InjectedConfigChannel
                0x08003328      0x63c CMakeFiles/foc_fd6288.elf.dir/Drivers/STM32H7xx_HAL_Driver/Src/stm32h7xx_hal_adc_ex.c.obj
                0x08003328                HAL_ADCEx_InjectedConfigChannel
 .text.HAL_ADCEx_MultiModeConfigChannel
                0x08003964      0x160 CMakeFiles/foc_fd6288.elf.dir/Drivers/STM32H7xx_HAL_Driver/Src/stm32h7xx_hal_adc_ex.c.obj
                0x08003964                HAL_ADCEx_MultiModeConfigChannel
 .text.HAL_ADCEx_DisableInjectedQueue
                0x08003ac4       0x34 CMakeFiles/foc_fd6288.elf.dir/Drivers/STM32H7xx_HAL_Driver/Src/stm32h7xx_hal_adc_ex.c.obj
                0x08003ac4                HAL_ADCEx_DisableInjectedQueue
 .text.HAL_NVIC_SetPriorityGrouping
                0x08003af8       0x24 CMakeFiles/foc_fd6288.elf.dir/Drivers/STM32H7xx_HAL_Driver/Src/stm32h7xx_hal_cortex.c.obj
                0x08003af8                HAL_NVIC_SetPriorityGrouping
 .text.HAL_NVIC_SetPriority
                0x08003b1c       0x6c CMakeFiles/foc_fd6288.elf.dir/Drivers/STM32H7xx_HAL_Driver/Src/stm32h7xx_hal_cortex.c.obj
                0x08003b1c                HAL_NVIC_SetPriority
 .text.HAL_NVIC_EnableIRQ
                0x08003b88       0x1c CMakeFiles/foc_fd6288.elf.dir/Drivers/STM32H7xx_HAL_Driver/Src/stm32h7xx_hal_cortex.c.obj
                0x08003b88                HAL_NVIC_EnableIRQ
 .text.HAL_SYSTICK_Config
                0x08003ba4       0x28 CMakeFiles/foc_fd6288.elf.dir/Drivers/STM32H7xx_HAL_Driver/Src/stm32h7xx_hal_cortex.c.obj
                0x08003ba4                HAL_SYSTICK_Config
 .text.DMA_SetConfig
                0x08003bcc      0x1b4 CMakeFiles/foc_fd6288.elf.dir/Drivers/STM32H7xx_HAL_Driver/Src/stm32h7xx_hal_dma.c.obj
 .text.DMA_CalcBaseAndBitshift
                0x08003d80       0xb4 CMakeFiles/foc_fd6288.elf.dir/Drivers/STM32H7xx_HAL_Driver/Src/stm32h7xx_hal_dma.c.obj
 .text.DMA_CheckFifoParam
                0x08003e34       0x92 CMakeFiles/foc_fd6288.elf.dir/Drivers/STM32H7xx_HAL_Driver/Src/stm32h7xx_hal_dma.c.obj
 *fill*         0x08003ec6        0x2 
 .text.DMA_CalcDMAMUXChannelBaseAndMask
                0x08003ec8       0xb0 CMakeFiles/foc_fd6288.elf.dir/Drivers/STM32H7xx_HAL_Driver/Src/stm32h7xx_hal_dma.c.obj
 .text.DMA_CalcDMAMUXRequestGenBaseAndMask
                0x08003f78       0x7c CMakeFiles/foc_fd6288.elf.dir/Drivers/STM32H7xx_HAL_Driver/Src/stm32h7xx_hal_dma.c.obj
 .text.HAL_DMA_Init
                0x08003ff4      0x3a4 CMakeFiles/foc_fd6288.elf.dir/Drivers/STM32H7xx_HAL_Driver/Src/stm32h7xx_hal_dma.c.obj
                0x08003ff4                HAL_DMA_Init
 .text.HAL_DMA_Start_IT
                0x08004398      0x298 CMakeFiles/foc_fd6288.elf.dir/Drivers/STM32H7xx_HAL_Driver/Src/stm32h7xx_hal_dma.c.obj
                0x08004398                HAL_DMA_Start_IT
 .text.HAL_DMA_IRQHandler
                0x08004630      0x738 CMakeFiles/foc_fd6288.elf.dir/Drivers/STM32H7xx_HAL_Driver/Src/stm32h7xx_hal_dma.c.obj
                0x08004630                HAL_DMA_IRQHandler
 .text.HAL_GPIO_Init
                0x08004d68      0x1fc CMakeFiles/foc_fd6288.elf.dir/Drivers/STM32H7xx_HAL_Driver/Src/stm32h7xx_hal_gpio.c.obj
                0x08004d68                HAL_GPIO_Init
 .text.HAL_GPIO_ReadPin
                0x08004f64        0xe CMakeFiles/foc_fd6288.elf.dir/Drivers/STM32H7xx_HAL_Driver/Src/stm32h7xx_hal_gpio.c.obj
                0x08004f64                HAL_GPIO_ReadPin
 .text.HAL_GPIO_WritePin
                0x08004f72        0xc CMakeFiles/foc_fd6288.elf.dir/Drivers/STM32H7xx_HAL_Driver/Src/stm32h7xx_hal_gpio.c.obj
                0x08004f72                HAL_GPIO_WritePin
 .text.HAL_GPIO_TogglePin
                0x08004f7e       0x12 CMakeFiles/foc_fd6288.elf.dir/Drivers/STM32H7xx_HAL_Driver/Src/stm32h7xx_hal_gpio.c.obj
                0x08004f7e                HAL_GPIO_TogglePin
 .text.HAL_I2C_Init
                0x08004f90       0xbc CMakeFiles/foc_fd6288.elf.dir/Drivers/STM32H7xx_HAL_Driver/Src/stm32h7xx_hal_i2c.c.obj
                0x08004f90                HAL_I2C_Init
 .text.HAL_I2CEx_ConfigAnalogFilter
                0x0800504c       0x5c CMakeFiles/foc_fd6288.elf.dir/Drivers/STM32H7xx_HAL_Driver/Src/stm32h7xx_hal_i2c_ex.c.obj
                0x0800504c                HAL_I2CEx_ConfigAnalogFilter
 .text.HAL_I2CEx_ConfigDigitalFilter
                0x080050a8       0x58 CMakeFiles/foc_fd6288.elf.dir/Drivers/STM32H7xx_HAL_Driver/Src/stm32h7xx_hal_i2c_ex.c.obj
                0x080050a8                HAL_I2CEx_ConfigDigitalFilter
 .text.HAL_I2CEx_EnableFastModePlus
                0x08005100       0x30 CMakeFiles/foc_fd6288.elf.dir/Drivers/STM32H7xx_HAL_Driver/Src/stm32h7xx_hal_i2c_ex.c.obj
                0x08005100                HAL_I2CEx_EnableFastModePlus
 .text.PCD_WriteEmptyTxFifo
                0x08005130       0xd0 CMakeFiles/foc_fd6288.elf.dir/Drivers/STM32H7xx_HAL_Driver/Src/stm32h7xx_hal_pcd.c.obj
 .text.HAL_PCD_Init
                0x08005200      0x13c CMakeFiles/foc_fd6288.elf.dir/Drivers/STM32H7xx_HAL_Driver/Src/stm32h7xx_hal_pcd.c.obj
                0x08005200                HAL_PCD_Init
 .text.HAL_PCD_Start
                0x0800533c       0x42 CMakeFiles/foc_fd6288.elf.dir/Drivers/STM32H7xx_HAL_Driver/Src/stm32h7xx_hal_pcd.c.obj
                0x0800533c                HAL_PCD_Start
 *fill*         0x0800537e        0x2 
 .text.PCD_EP_OutXfrComplete_int
                0x08005380       0xf4 CMakeFiles/foc_fd6288.elf.dir/Drivers/STM32H7xx_HAL_Driver/Src/stm32h7xx_hal_pcd.c.obj
 .text.PCD_EP_OutSetupPacket_int
                0x08005474       0x50 CMakeFiles/foc_fd6288.elf.dir/Drivers/STM32H7xx_HAL_Driver/Src/stm32h7xx_hal_pcd.c.obj
 .text.HAL_PCD_IRQHandler
                0x080054c4      0x4b8 CMakeFiles/foc_fd6288.elf.dir/Drivers/STM32H7xx_HAL_Driver/Src/stm32h7xx_hal_pcd.c.obj
                0x080054c4                HAL_PCD_IRQHandler
 .text.HAL_PCD_SetAddress
                0x0800597c       0x28 CMakeFiles/foc_fd6288.elf.dir/Drivers/STM32H7xx_HAL_Driver/Src/stm32h7xx_hal_pcd.c.obj
                0x0800597c                HAL_PCD_SetAddress
 .text.HAL_PCD_EP_Open
                0x080059a4       0x8a CMakeFiles/foc_fd6288.elf.dir/Drivers/STM32H7xx_HAL_Driver/Src/stm32h7xx_hal_pcd.c.obj
                0x080059a4                HAL_PCD_EP_Open
 .text.HAL_PCD_EP_Close
                0x08005a2e       0x72 CMakeFiles/foc_fd6288.elf.dir/Drivers/STM32H7xx_HAL_Driver/Src/stm32h7xx_hal_pcd.c.obj
                0x08005a2e                HAL_PCD_EP_Close
 .text.HAL_PCD_EP_Receive
                0x08005aa0       0x5e CMakeFiles/foc_fd6288.elf.dir/Drivers/STM32H7xx_HAL_Driver/Src/stm32h7xx_hal_pcd.c.obj
                0x08005aa0                HAL_PCD_EP_Receive
 .text.HAL_PCD_EP_GetRxCount
                0x08005afe       0x12 CMakeFiles/foc_fd6288.elf.dir/Drivers/STM32H7xx_HAL_Driver/Src/stm32h7xx_hal_pcd.c.obj
                0x08005afe                HAL_PCD_EP_GetRxCount
 .text.HAL_PCD_EP_Transmit
                0x08005b10       0x5e CMakeFiles/foc_fd6288.elf.dir/Drivers/STM32H7xx_HAL_Driver/Src/stm32h7xx_hal_pcd.c.obj
                0x08005b10                HAL_PCD_EP_Transmit
 .text.HAL_PCD_EP_SetStall
                0x08005b6e       0x88 CMakeFiles/foc_fd6288.elf.dir/Drivers/STM32H7xx_HAL_Driver/Src/stm32h7xx_hal_pcd.c.obj
                0x08005b6e                HAL_PCD_EP_SetStall
 .text.HAL_PCD_EP_ClrStall
                0x08005bf6       0x76 CMakeFiles/foc_fd6288.elf.dir/Drivers/STM32H7xx_HAL_Driver/Src/stm32h7xx_hal_pcd.c.obj
                0x08005bf6                HAL_PCD_EP_ClrStall
 .text.HAL_PCDEx_SetTxFiFo
                0x08005c6c       0x4c CMakeFiles/foc_fd6288.elf.dir/Drivers/STM32H7xx_HAL_Driver/Src/stm32h7xx_hal_pcd_ex.c.obj
                0x08005c6c                HAL_PCDEx_SetTxFiFo
 .text.HAL_PCDEx_SetRxFiFo
                0x08005cb8        0x8 CMakeFiles/foc_fd6288.elf.dir/Drivers/STM32H7xx_HAL_Driver/Src/stm32h7xx_hal_pcd_ex.c.obj
                0x08005cb8                HAL_PCDEx_SetRxFiFo
 .text.HAL_PCDEx_ActivateLPM
                0x08005cc0       0x28 CMakeFiles/foc_fd6288.elf.dir/Drivers/STM32H7xx_HAL_Driver/Src/stm32h7xx_hal_pcd_ex.c.obj
                0x08005cc0                HAL_PCDEx_ActivateLPM
 .text.HAL_PCDEx_LPM_Callback
                0x08005ce8        0x2 CMakeFiles/foc_fd6288.elf.dir/Drivers/STM32H7xx_HAL_Driver/Src/stm32h7xx_hal_pcd_ex.c.obj
                0x08005ce8                HAL_PCDEx_LPM_Callback
 *fill*         0x08005cea        0x2 
 .text.HAL_PWREx_ConfigSupply
                0x08005cec       0x54 CMakeFiles/foc_fd6288.elf.dir/Drivers/STM32H7xx_HAL_Driver/Src/stm32h7xx_hal_pwr_ex.c.obj
                0x08005cec                HAL_PWREx_ConfigSupply
 .text.HAL_PWREx_EnableUSBVoltageDetector
                0x08005d40       0x10 CMakeFiles/foc_fd6288.elf.dir/Drivers/STM32H7xx_HAL_Driver/Src/stm32h7xx_hal_pwr_ex.c.obj
                0x08005d40                HAL_PWREx_EnableUSBVoltageDetector
 .text.HAL_RCC_OscConfig
                0x08005d50      0x648 CMakeFiles/foc_fd6288.elf.dir/Drivers/STM32H7xx_HAL_Driver/Src/stm32h7xx_hal_rcc.c.obj
                0x08005d50                HAL_RCC_OscConfig
 .text.HAL_RCC_GetSysClockFreq
                0x08006398      0x1f4 CMakeFiles/foc_fd6288.elf.dir/Drivers/STM32H7xx_HAL_Driver/Src/stm32h7xx_hal_rcc.c.obj
                0x08006398                HAL_RCC_GetSysClockFreq
 .text.HAL_RCC_ClockConfig
                0x0800658c      0x294 CMakeFiles/foc_fd6288.elf.dir/Drivers/STM32H7xx_HAL_Driver/Src/stm32h7xx_hal_rcc.c.obj
                0x0800658c                HAL_RCC_ClockConfig
 .text.HAL_RCC_GetHCLKFreq
                0x08006820       0x44 CMakeFiles/foc_fd6288.elf.dir/Drivers/STM32H7xx_HAL_Driver/Src/stm32h7xx_hal_rcc.c.obj
                0x08006820                HAL_RCC_GetHCLKFreq
 .text.HAL_RCC_GetPCLK1Freq
                0x08006864       0x24 CMakeFiles/foc_fd6288.elf.dir/Drivers/STM32H7xx_HAL_Driver/Src/stm32h7xx_hal_rcc.c.obj
                0x08006864                HAL_RCC_GetPCLK1Freq
 .text.HAL_RCC_GetPCLK2Freq
                0x08006888       0x24 CMakeFiles/foc_fd6288.elf.dir/Drivers/STM32H7xx_HAL_Driver/Src/stm32h7xx_hal_rcc.c.obj
                0x08006888                HAL_RCC_GetPCLK2Freq
 .text.RCCEx_PLL2_Config
                0x080068ac      0x10c CMakeFiles/foc_fd6288.elf.dir/Drivers/STM32H7xx_HAL_Driver/Src/stm32h7xx_hal_rcc_ex.c.obj
 .text.RCCEx_PLL3_Config
                0x080069b8      0x10c CMakeFiles/foc_fd6288.elf.dir/Drivers/STM32H7xx_HAL_Driver/Src/stm32h7xx_hal_rcc_ex.c.obj
 .text.HAL_RCCEx_PeriphCLKConfig
                0x08006ac4      0x9a8 CMakeFiles/foc_fd6288.elf.dir/Drivers/STM32H7xx_HAL_Driver/Src/stm32h7xx_hal_rcc_ex.c.obj
                0x08006ac4                HAL_RCCEx_PeriphCLKConfig
 .text.HAL_RCCEx_GetD3PCLK1Freq
                0x0800746c       0x24 CMakeFiles/foc_fd6288.elf.dir/Drivers/STM32H7xx_HAL_Driver/Src/stm32h7xx_hal_rcc_ex.c.obj
                0x0800746c                HAL_RCCEx_GetD3PCLK1Freq
 .text.HAL_RCCEx_GetPLL2ClockFreq
                0x08007490      0x1f8 CMakeFiles/foc_fd6288.elf.dir/Drivers/STM32H7xx_HAL_Driver/Src/stm32h7xx_hal_rcc_ex.c.obj
                0x08007490                HAL_RCCEx_GetPLL2ClockFreq
 .text.HAL_RCCEx_GetPLL3ClockFreq
                0x08007688      0x1f8 CMakeFiles/foc_fd6288.elf.dir/Drivers/STM32H7xx_HAL_Driver/Src/stm32h7xx_hal_rcc_ex.c.obj
                0x08007688                HAL_RCCEx_GetPLL3ClockFreq
 .text.HAL_RCCEx_GetPLL1ClockFreq
                0x08007880      0x1f8 CMakeFiles/foc_fd6288.elf.dir/Drivers/STM32H7xx_HAL_Driver/Src/stm32h7xx_hal_rcc_ex.c.obj
                0x08007880                HAL_RCCEx_GetPLL1ClockFreq
 .text.HAL_RCCEx_GetPeriphCLKFreq
                0x08007a78      0x380 CMakeFiles/foc_fd6288.elf.dir/Drivers/STM32H7xx_HAL_Driver/Src/stm32h7xx_hal_rcc_ex.c.obj
                0x08007a78                HAL_RCCEx_GetPeriphCLKFreq
 .text.SPI_CloseTransfer
                0x08007df8       0xd0 CMakeFiles/foc_fd6288.elf.dir/Drivers/STM32H7xx_HAL_Driver/Src/stm32h7xx_hal_spi.c.obj
 .text.SPI_GetPacketSize
                0x08007ec8       0x10 CMakeFiles/foc_fd6288.elf.dir/Drivers/STM32H7xx_HAL_Driver/Src/stm32h7xx_hal_spi.c.obj
 .text.SPI_WaitOnFlagUntilTimeout
                0x08007ed8       0x48 CMakeFiles/foc_fd6288.elf.dir/Drivers/STM32H7xx_HAL_Driver/Src/stm32h7xx_hal_spi.c.obj
 .text.HAL_SPI_Init
                0x08007f20      0x150 CMakeFiles/foc_fd6288.elf.dir/Drivers/STM32H7xx_HAL_Driver/Src/stm32h7xx_hal_spi.c.obj
                0x08007f20                HAL_SPI_Init
 .text.HAL_SPI_TransmitReceive
                0x08008070      0x41a CMakeFiles/foc_fd6288.elf.dir/Drivers/STM32H7xx_HAL_Driver/Src/stm32h7xx_hal_spi.c.obj
                0x08008070                HAL_SPI_TransmitReceive
 *fill*         0x0800848a        0x2 
 .text.TIM_OC1_SetConfig
                0x0800848c       0xa8 CMakeFiles/foc_fd6288.elf.dir/Drivers/STM32H7xx_HAL_Driver/Src/stm32h7xx_hal_tim.c.obj
 .text.TIM_OC3_SetConfig
                0x08008534       0x90 CMakeFiles/foc_fd6288.elf.dir/Drivers/STM32H7xx_HAL_Driver/Src/stm32h7xx_hal_tim.c.obj
 .text.TIM_OC4_SetConfig
                0x080085c4       0x70 CMakeFiles/foc_fd6288.elf.dir/Drivers/STM32H7xx_HAL_Driver/Src/stm32h7xx_hal_tim.c.obj
 .text.TIM_OC5_SetConfig
                0x08008634       0x70 CMakeFiles/foc_fd6288.elf.dir/Drivers/STM32H7xx_HAL_Driver/Src/stm32h7xx_hal_tim.c.obj
 .text.TIM_OC6_SetConfig
                0x080086a4       0x70 CMakeFiles/foc_fd6288.elf.dir/Drivers/STM32H7xx_HAL_Driver/Src/stm32h7xx_hal_tim.c.obj
 .text.TIM_TI1_ConfigInputStage
                0x08008714       0x26 CMakeFiles/foc_fd6288.elf.dir/Drivers/STM32H7xx_HAL_Driver/Src/stm32h7xx_hal_tim.c.obj
 .text.TIM_TI2_ConfigInputStage
                0x0800873a       0x28 CMakeFiles/foc_fd6288.elf.dir/Drivers/STM32H7xx_HAL_Driver/Src/stm32h7xx_hal_tim.c.obj
 *fill*         0x08008762        0x2 
 .text.TIM_ITRx_SetConfig
                0x08008764       0x14 CMakeFiles/foc_fd6288.elf.dir/Drivers/STM32H7xx_HAL_Driver/Src/stm32h7xx_hal_tim.c.obj
 .text.HAL_TIM_PWM_MspInit
                0x08008778        0x2 CMakeFiles/foc_fd6288.elf.dir/Drivers/STM32H7xx_HAL_Driver/Src/stm32h7xx_hal_tim.c.obj
                0x08008778                HAL_TIM_PWM_MspInit
 *fill*         0x0800877a        0x2 
 .text.TIM_Base_SetConfig
                0x0800877c      0x104 CMakeFiles/foc_fd6288.elf.dir/Drivers/STM32H7xx_HAL_Driver/Src/stm32h7xx_hal_tim.c.obj
                0x0800877c                TIM_Base_SetConfig
 .text.HAL_TIM_Base_Init
                0x08008880       0x60 CMakeFiles/foc_fd6288.elf.dir/Drivers/STM32H7xx_HAL_Driver/Src/stm32h7xx_hal_tim.c.obj
                0x08008880                HAL_TIM_Base_Init
 .text.HAL_TIM_PWM_Init
                0x080088e0       0x60 CMakeFiles/foc_fd6288.elf.dir/Drivers/STM32H7xx_HAL_Driver/Src/stm32h7xx_hal_tim.c.obj
                0x080088e0                HAL_TIM_PWM_Init
 .text.TIM_OC2_SetConfig
                0x08008940       0x94 CMakeFiles/foc_fd6288.elf.dir/Drivers/STM32H7xx_HAL_Driver/Src/stm32h7xx_hal_tim.c.obj
                0x08008940                TIM_OC2_SetConfig
 .text.HAL_TIM_PWM_ConfigChannel
                0x080089d4      0x128 CMakeFiles/foc_fd6288.elf.dir/Drivers/STM32H7xx_HAL_Driver/Src/stm32h7xx_hal_tim.c.obj
                0x080089d4                HAL_TIM_PWM_ConfigChannel
 .text.TIM_ETR_SetConfig
                0x08008afc       0x1a CMakeFiles/foc_fd6288.elf.dir/Drivers/STM32H7xx_HAL_Driver/Src/stm32h7xx_hal_tim.c.obj
                0x08008afc                TIM_ETR_SetConfig
 *fill*         0x08008b16        0x2 
 .text.HAL_TIM_ConfigClockSource
                0x08008b18      0x108 CMakeFiles/foc_fd6288.elf.dir/Drivers/STM32H7xx_HAL_Driver/Src/stm32h7xx_hal_tim.c.obj
                0x08008b18                HAL_TIM_ConfigClockSource
 .text.TIM_CCxChannelCmd
                0x08008c20       0x1e CMakeFiles/foc_fd6288.elf.dir/Drivers/STM32H7xx_HAL_Driver/Src/stm32h7xx_hal_tim.c.obj
                0x08008c20                TIM_CCxChannelCmd
 *fill*         0x08008c3e        0x2 
 .text.HAL_TIM_PWM_Start
                0x08008c40      0x11c CMakeFiles/foc_fd6288.elf.dir/Drivers/STM32H7xx_HAL_Driver/Src/stm32h7xx_hal_tim.c.obj
                0x08008c40                HAL_TIM_PWM_Start
 .text.TIM_CCxNChannelCmd
                0x08008d5c       0x1e CMakeFiles/foc_fd6288.elf.dir/Drivers/STM32H7xx_HAL_Driver/Src/stm32h7xx_hal_tim_ex.c.obj
 *fill*         0x08008d7a        0x2 
 .text.HAL_TIMEx_PWMN_Start
                0x08008d7c       0xb4 CMakeFiles/foc_fd6288.elf.dir/Drivers/STM32H7xx_HAL_Driver/Src/stm32h7xx_hal_tim_ex.c.obj
                0x08008d7c                HAL_TIMEx_PWMN_Start
 .text.HAL_TIMEx_MasterConfigSynchronization
                0x08008e30       0x98 CMakeFiles/foc_fd6288.elf.dir/Drivers/STM32H7xx_HAL_Driver/Src/stm32h7xx_hal_tim_ex.c.obj
                0x08008e30                HAL_TIMEx_MasterConfigSynchronization
 .text.HAL_TIMEx_ConfigBreakDeadTime
                0x08008ec8       0x90 CMakeFiles/foc_fd6288.elf.dir/Drivers/STM32H7xx_HAL_Driver/Src/stm32h7xx_hal_tim_ex.c.obj
                0x08008ec8                HAL_TIMEx_ConfigBreakDeadTime
 .text.UART_SetConfig
                0x08008f58      0x5f8 CMakeFiles/foc_fd6288.elf.dir/Drivers/STM32H7xx_HAL_Driver/Src/stm32h7xx_hal_uart.c.obj
                0x08008f58                UART_SetConfig
 .text.UART_AdvFeatureConfig
                0x08009550       0xca CMakeFiles/foc_fd6288.elf.dir/Drivers/STM32H7xx_HAL_Driver/Src/stm32h7xx_hal_uart.c.obj
                0x08009550                UART_AdvFeatureConfig
 .text.UART_WaitOnFlagUntilTimeout
                0x0800961a       0xb0 CMakeFiles/foc_fd6288.elf.dir/Drivers/STM32H7xx_HAL_Driver/Src/stm32h7xx_hal_uart.c.obj
                0x0800961a                UART_WaitOnFlagUntilTimeout
 .text.HAL_UART_Transmit
                0x080096ca       0xda CMakeFiles/foc_fd6288.elf.dir/Drivers/STM32H7xx_HAL_Driver/Src/stm32h7xx_hal_uart.c.obj
                0x080096ca                HAL_UART_Transmit
 .text.UART_CheckIdleState
                0x080097a4       0x72 CMakeFiles/foc_fd6288.elf.dir/Drivers/STM32H7xx_HAL_Driver/Src/stm32h7xx_hal_uart.c.obj
                0x080097a4                UART_CheckIdleState
 .text.HAL_UART_Init
                0x08009816       0x66 CMakeFiles/foc_fd6288.elf.dir/Drivers/STM32H7xx_HAL_Driver/Src/stm32h7xx_hal_uart.c.obj
                0x08009816                HAL_UART_Init
 .text.UARTEx_SetNbDataToProcess
                0x0800987c       0x70 CMakeFiles/foc_fd6288.elf.dir/Drivers/STM32H7xx_HAL_Driver/Src/stm32h7xx_hal_uart_ex.c.obj
 .text.HAL_UARTEx_DisableFifoMode
                0x080098ec       0x3e CMakeFiles/foc_fd6288.elf.dir/Drivers/STM32H7xx_HAL_Driver/Src/stm32h7xx_hal_uart_ex.c.obj
                0x080098ec                HAL_UARTEx_DisableFifoMode
 .text.HAL_UARTEx_SetTxFifoThreshold
                0x0800992a       0x4a CMakeFiles/foc_fd6288.elf.dir/Drivers/STM32H7xx_HAL_Driver/Src/stm32h7xx_hal_uart_ex.c.obj
                0x0800992a                HAL_UARTEx_SetTxFifoThreshold
 .text.HAL_UARTEx_SetRxFifoThreshold
                0x08009974       0x4a CMakeFiles/foc_fd6288.elf.dir/Drivers/STM32H7xx_HAL_Driver/Src/stm32h7xx_hal_uart_ex.c.obj
                0x08009974                HAL_UARTEx_SetRxFifoThreshold
 *fill*         0x080099be        0x2 
 .text.USB_CoreReset
                0x080099c0       0x3c CMakeFiles/foc_fd6288.elf.dir/Drivers/STM32H7xx_HAL_Driver/Src/stm32h7xx_ll_usb.c.obj
 .text.USB_CoreInit
                0x080099fc       0x8c CMakeFiles/foc_fd6288.elf.dir/Drivers/STM32H7xx_HAL_Driver/Src/stm32h7xx_ll_usb.c.obj
                0x080099fc                USB_CoreInit
 .text.USB_SetTurnaroundTime
                0x08009a88       0xe4 CMakeFiles/foc_fd6288.elf.dir/Drivers/STM32H7xx_HAL_Driver/Src/stm32h7xx_ll_usb.c.obj
                0x08009a88                USB_SetTurnaroundTime
 .text.USB_EnableGlobalInt
                0x08009b6c        0xc CMakeFiles/foc_fd6288.elf.dir/Drivers/STM32H7xx_HAL_Driver/Src/stm32h7xx_ll_usb.c.obj
                0x08009b6c                USB_EnableGlobalInt
 .text.USB_DisableGlobalInt
                0x08009b78        0xc CMakeFiles/foc_fd6288.elf.dir/Drivers/STM32H7xx_HAL_Driver/Src/stm32h7xx_ll_usb.c.obj
                0x08009b78                USB_DisableGlobalInt
 .text.USB_SetCurrentMode
                0x08009b84       0x30 CMakeFiles/foc_fd6288.elf.dir/Drivers/STM32H7xx_HAL_Driver/Src/stm32h7xx_ll_usb.c.obj
                0x08009b84                USB_SetCurrentMode
 .text.USB_FlushTxFifo
                0x08009bb4       0x28 CMakeFiles/foc_fd6288.elf.dir/Drivers/STM32H7xx_HAL_Driver/Src/stm32h7xx_ll_usb.c.obj
                0x08009bb4                USB_FlushTxFifo
 .text.USB_FlushRxFifo
                0x08009bdc       0x24 CMakeFiles/foc_fd6288.elf.dir/Drivers/STM32H7xx_HAL_Driver/Src/stm32h7xx_ll_usb.c.obj
                0x08009bdc                USB_FlushRxFifo
 .text.USB_SetDevSpeed
                0x08009c00        0xe CMakeFiles/foc_fd6288.elf.dir/Drivers/STM32H7xx_HAL_Driver/Src/stm32h7xx_ll_usb.c.obj
                0x08009c00                USB_SetDevSpeed
 *fill*         0x08009c0e        0x2 
 .text.USB_DevInit
                0x08009c10      0x188 CMakeFiles/foc_fd6288.elf.dir/Drivers/STM32H7xx_HAL_Driver/Src/stm32h7xx_ll_usb.c.obj
                0x08009c10                USB_DevInit
 .text.USB_GetDevSpeed
                0x08009d98       0x1e CMakeFiles/foc_fd6288.elf.dir/Drivers/STM32H7xx_HAL_Driver/Src/stm32h7xx_ll_usb.c.obj
                0x08009d98                USB_GetDevSpeed
 *fill*         0x08009db6        0x2 
 .text.USB_ActivateEndpoint
                0x08009db8       0x9c CMakeFiles/foc_fd6288.elf.dir/Drivers/STM32H7xx_HAL_Driver/Src/stm32h7xx_ll_usb.c.obj
                0x08009db8                USB_ActivateEndpoint
 .text.USB_DeactivateEndpoint
                0x08009e54       0xe0 CMakeFiles/foc_fd6288.elf.dir/Drivers/STM32H7xx_HAL_Driver/Src/stm32h7xx_ll_usb.c.obj
                0x08009e54                USB_DeactivateEndpoint
 .text.USB_EP0StartXfer
                0x08009f34      0x11c CMakeFiles/foc_fd6288.elf.dir/Drivers/STM32H7xx_HAL_Driver/Src/stm32h7xx_ll_usb.c.obj
                0x08009f34                USB_EP0StartXfer
 .text.USB_WritePacket
                0x0800a050       0x2e CMakeFiles/foc_fd6288.elf.dir/Drivers/STM32H7xx_HAL_Driver/Src/stm32h7xx_ll_usb.c.obj
                0x0800a050                USB_WritePacket
 *fill*         0x0800a07e        0x2 
 .text.USB_EPStartXfer
                0x0800a080      0x234 CMakeFiles/foc_fd6288.elf.dir/Drivers/STM32H7xx_HAL_Driver/Src/stm32h7xx_ll_usb.c.obj
                0x0800a080                USB_EPStartXfer
 .text.USB_ReadPacket
                0x0800a2b4       0x1e CMakeFiles/foc_fd6288.elf.dir/Drivers/STM32H7xx_HAL_Driver/Src/stm32h7xx_ll_usb.c.obj
                0x0800a2b4                USB_ReadPacket
 .text.USB_EPSetStall
                0x0800a2d2       0x5a CMakeFiles/foc_fd6288.elf.dir/Drivers/STM32H7xx_HAL_Driver/Src/stm32h7xx_ll_usb.c.obj
                0x0800a2d2                USB_EPSetStall
 .text.USB_EPClearStall
                0x0800a32c       0x5c CMakeFiles/foc_fd6288.elf.dir/Drivers/STM32H7xx_HAL_Driver/Src/stm32h7xx_ll_usb.c.obj
                0x0800a32c                USB_EPClearStall
 .text.USB_SetDevAddress
                0x0800a388       0x20 CMakeFiles/foc_fd6288.elf.dir/Drivers/STM32H7xx_HAL_Driver/Src/stm32h7xx_ll_usb.c.obj
                0x0800a388                USB_SetDevAddress
 .text.USB_DevConnect
                0x0800a3a8       0x18 CMakeFiles/foc_fd6288.elf.dir/Drivers/STM32H7xx_HAL_Driver/Src/stm32h7xx_ll_usb.c.obj
                0x0800a3a8                USB_DevConnect
 .text.USB_DevDisconnect
                0x0800a3c0       0x18 CMakeFiles/foc_fd6288.elf.dir/Drivers/STM32H7xx_HAL_Driver/Src/stm32h7xx_ll_usb.c.obj
                0x0800a3c0                USB_DevDisconnect
 .text.USB_ReadInterrupts
                0x0800a3d8        0x8 CMakeFiles/foc_fd6288.elf.dir/Drivers/STM32H7xx_HAL_Driver/Src/stm32h7xx_ll_usb.c.obj
                0x0800a3d8                USB_ReadInterrupts
 .text.USB_ReadDevAllOutEpInterrupt
                0x0800a3e0       0x10 CMakeFiles/foc_fd6288.elf.dir/Drivers/STM32H7xx_HAL_Driver/Src/stm32h7xx_ll_usb.c.obj
                0x0800a3e0                USB_ReadDevAllOutEpInterrupt
 .text.USB_ReadDevAllInEpInterrupt
                0x0800a3f0       0x10 CMakeFiles/foc_fd6288.elf.dir/Drivers/STM32H7xx_HAL_Driver/Src/stm32h7xx_ll_usb.c.obj
                0x0800a3f0                USB_ReadDevAllInEpInterrupt
 .text.USB_ReadDevOutEPInterrupt
                0x0800a400       0x12 CMakeFiles/foc_fd6288.elf.dir/Drivers/STM32H7xx_HAL_Driver/Src/stm32h7xx_ll_usb.c.obj
                0x0800a400                USB_ReadDevOutEPInterrupt
 .text.USB_ReadDevInEPInterrupt
                0x0800a412       0x28 CMakeFiles/foc_fd6288.elf.dir/Drivers/STM32H7xx_HAL_Driver/Src/stm32h7xx_ll_usb.c.obj
                0x0800a412                USB_ReadDevInEPInterrupt
 .text.USB_GetMode
                0x0800a43a        0x8 CMakeFiles/foc_fd6288.elf.dir/Drivers/STM32H7xx_HAL_Driver/Src/stm32h7xx_ll_usb.c.obj
                0x0800a43a                USB_GetMode
 *fill*         0x0800a442        0x2 
 .text.USB_ActivateSetup
                0x0800a444       0x20 CMakeFiles/foc_fd6288.elf.dir/Drivers/STM32H7xx_HAL_Driver/Src/stm32h7xx_ll_usb.c.obj
                0x0800a444                USB_ActivateSetup
 .text.USB_EP0_OutStart
                0x0800a464       0x60 CMakeFiles/foc_fd6288.elf.dir/Drivers/STM32H7xx_HAL_Driver/Src/stm32h7xx_ll_usb.c.obj
                0x0800a464                USB_EP0_OutStart
 .text.USBD_CDC_EP0_RxReady
                0x0800a4c4       0x28 CMakeFiles/foc_fd6288.elf.dir/Middlewares/ST/STM32_USB_Device_Library/Class/CDC/Src/usbd_cdc.c.obj
 .text.USBD_CDC_GetFSCfgDesc
                0x0800a4ec        0xc CMakeFiles/foc_fd6288.elf.dir/Middlewares/ST/STM32_USB_Device_Library/Class/CDC/Src/usbd_cdc.c.obj
 .text.USBD_CDC_GetHSCfgDesc
                0x0800a4f8        0xc CMakeFiles/foc_fd6288.elf.dir/Middlewares/ST/STM32_USB_Device_Library/Class/CDC/Src/usbd_cdc.c.obj
 .text.USBD_CDC_GetOtherSpeedCfgDesc
                0x0800a504        0xc CMakeFiles/foc_fd6288.elf.dir/Middlewares/ST/STM32_USB_Device_Library/Class/CDC/Src/usbd_cdc.c.obj
 .text.USBD_CDC_GetDeviceQualifierDescriptor
                0x0800a510        0xc CMakeFiles/foc_fd6288.elf.dir/Middlewares/ST/STM32_USB_Device_Library/Class/CDC/Src/usbd_cdc.c.obj
                0x0800a510                USBD_CDC_GetDeviceQualifierDescriptor
 .text.USBD_CDC_DataOut
                0x0800a51c       0x2a CMakeFiles/foc_fd6288.elf.dir/Middlewares/ST/STM32_USB_Device_Library/Class/CDC/Src/usbd_cdc.c.obj
 .text.USBD_CDC_DataIn
                0x0800a546       0x64 CMakeFiles/foc_fd6288.elf.dir/Middlewares/ST/STM32_USB_Device_Library/Class/CDC/Src/usbd_cdc.c.obj
 .text.USBD_CDC_Setup
                0x0800a5aa       0xe0 CMakeFiles/foc_fd6288.elf.dir/Middlewares/ST/STM32_USB_Device_Library/Class/CDC/Src/usbd_cdc.c.obj
 .text.USBD_CDC_DeInit
                0x0800a68a       0x48 CMakeFiles/foc_fd6288.elf.dir/Middlewares/ST/STM32_USB_Device_Library/Class/CDC/Src/usbd_cdc.c.obj
 .text.USBD_CDC_Init
                0x0800a6d2       0xc2 CMakeFiles/foc_fd6288.elf.dir/Middlewares/ST/STM32_USB_Device_Library/Class/CDC/Src/usbd_cdc.c.obj
 .text.USBD_CDC_RegisterInterface
                0x0800a794        0xe CMakeFiles/foc_fd6288.elf.dir/Middlewares/ST/STM32_USB_Device_Library/Class/CDC/Src/usbd_cdc.c.obj
                0x0800a794                USBD_CDC_RegisterInterface
 .text.USBD_CDC_SetTxBuffer
                0x0800a7a2       0x10 CMakeFiles/foc_fd6288.elf.dir/Middlewares/ST/STM32_USB_Device_Library/Class/CDC/Src/usbd_cdc.c.obj
                0x0800a7a2                USBD_CDC_SetTxBuffer
 .text.USBD_CDC_SetRxBuffer
                0x0800a7b2        0xc CMakeFiles/foc_fd6288.elf.dir/Middlewares/ST/STM32_USB_Device_Library/Class/CDC/Src/usbd_cdc.c.obj
                0x0800a7b2                USBD_CDC_SetRxBuffer
 .text.USBD_CDC_ReceivePacket
                0x0800a7be       0x32 CMakeFiles/foc_fd6288.elf.dir/Middlewares/ST/STM32_USB_Device_Library/Class/CDC/Src/usbd_cdc.c.obj
                0x0800a7be                USBD_CDC_ReceivePacket
 .text.USBD_Init
                0x0800a7f0       0x38 CMakeFiles/foc_fd6288.elf.dir/Middlewares/ST/STM32_USB_Device_Library/Core/Src/usbd_core.c.obj
                0x0800a7f0                USBD_Init
 .text.USBD_RegisterClass
                0x0800a828       0x28 CMakeFiles/foc_fd6288.elf.dir/Middlewares/ST/STM32_USB_Device_Library/Core/Src/usbd_core.c.obj
                0x0800a828                USBD_RegisterClass
 .text.USBD_Start
                0x0800a850        0x8 CMakeFiles/foc_fd6288.elf.dir/Middlewares/ST/STM32_USB_Device_Library/Core/Src/usbd_core.c.obj
                0x0800a850                USBD_Start
 .text.USBD_SetClassConfig
                0x0800a858       0x12 CMakeFiles/foc_fd6288.elf.dir/Middlewares/ST/STM32_USB_Device_Library/Core/Src/usbd_core.c.obj
                0x0800a858                USBD_SetClassConfig
 .text.USBD_ClrClassConfig
                0x0800a86a       0x10 CMakeFiles/foc_fd6288.elf.dir/Middlewares/ST/STM32_USB_Device_Library/Core/Src/usbd_core.c.obj
                0x0800a86a                USBD_ClrClassConfig
 .text.USBD_LL_SetupStage
                0x0800a87a       0x58 CMakeFiles/foc_fd6288.elf.dir/Middlewares/ST/STM32_USB_Device_Library/Core/Src/usbd_core.c.obj
                0x0800a87a                USBD_LL_SetupStage
 .text.USBD_LL_DataOutStage
                0x0800a8d2       0x72 CMakeFiles/foc_fd6288.elf.dir/Middlewares/ST/STM32_USB_Device_Library/Core/Src/usbd_core.c.obj
                0x0800a8d2                USBD_LL_DataOutStage
 .text.USBD_LL_DataInStage
                0x0800a944       0xb8 CMakeFiles/foc_fd6288.elf.dir/Middlewares/ST/STM32_USB_Device_Library/Core/Src/usbd_core.c.obj
                0x0800a944                USBD_LL_DataInStage
 .text.USBD_LL_Reset
                0x0800a9fc       0x52 CMakeFiles/foc_fd6288.elf.dir/Middlewares/ST/STM32_USB_Device_Library/Core/Src/usbd_core.c.obj
                0x0800a9fc                USBD_LL_Reset
 .text.USBD_LL_SetSpeed
                0x0800aa4e        0x6 CMakeFiles/foc_fd6288.elf.dir/Middlewares/ST/STM32_USB_Device_Library/Core/Src/usbd_core.c.obj
                0x0800aa4e                USBD_LL_SetSpeed
 .text.USBD_LL_Suspend
                0x0800aa54       0x12 CMakeFiles/foc_fd6288.elf.dir/Middlewares/ST/STM32_USB_Device_Library/Core/Src/usbd_core.c.obj
                0x0800aa54                USBD_LL_Suspend
 .text.USBD_LL_Resume
                0x0800aa66       0x16 CMakeFiles/foc_fd6288.elf.dir/Middlewares/ST/STM32_USB_Device_Library/Core/Src/usbd_core.c.obj
                0x0800aa66                USBD_LL_Resume
 .text.USBD_LL_SOF
                0x0800aa7c       0x1c CMakeFiles/foc_fd6288.elf.dir/Middlewares/ST/STM32_USB_Device_Library/Core/Src/usbd_core.c.obj
                0x0800aa7c                USBD_LL_SOF
 .text.USBD_LL_IsoINIncomplete
                0x0800aa98        0x4 CMakeFiles/foc_fd6288.elf.dir/Middlewares/ST/STM32_USB_Device_Library/Core/Src/usbd_core.c.obj
                0x0800aa98                USBD_LL_IsoINIncomplete
 .text.USBD_LL_IsoOUTIncomplete
                0x0800aa9c        0x4 CMakeFiles/foc_fd6288.elf.dir/Middlewares/ST/STM32_USB_Device_Library/Core/Src/usbd_core.c.obj
                0x0800aa9c                USBD_LL_IsoOUTIncomplete
 .text.USBD_LL_DevConnected
                0x0800aaa0        0x4 CMakeFiles/foc_fd6288.elf.dir/Middlewares/ST/STM32_USB_Device_Library/Core/Src/usbd_core.c.obj
                0x0800aaa0                USBD_LL_DevConnected
 .text.USBD_LL_DevDisconnected
                0x0800aaa4       0x18 CMakeFiles/foc_fd6288.elf.dir/Middlewares/ST/STM32_USB_Device_Library/Core/Src/usbd_core.c.obj
                0x0800aaa4                USBD_LL_DevDisconnected
 .text.USBD_GetLen
                0x0800aabc       0x14 CMakeFiles/foc_fd6288.elf.dir/Middlewares/ST/STM32_USB_Device_Library/Core/Src/usbd_ctlreq.c.obj
 .text.USBD_SetFeature
                0x0800aad0       0x14 CMakeFiles/foc_fd6288.elf.dir/Middlewares/ST/STM32_USB_Device_Library/Core/Src/usbd_ctlreq.c.obj
 .text.USBD_ParseSetupRequest
                0x0800aae4       0x28 CMakeFiles/foc_fd6288.elf.dir/Middlewares/ST/STM32_USB_Device_Library/Core/Src/usbd_ctlreq.c.obj
                0x0800aae4                USBD_ParseSetupRequest
 .text.USBD_CtlError
                0x0800ab0c       0x14 CMakeFiles/foc_fd6288.elf.dir/Middlewares/ST/STM32_USB_Device_Library/Core/Src/usbd_ctlreq.c.obj
                0x0800ab0c                USBD_CtlError
 .text.USBD_GetDescriptor
                0x0800ab20      0x18a CMakeFiles/foc_fd6288.elf.dir/Middlewares/ST/STM32_USB_Device_Library/Core/Src/usbd_ctlreq.c.obj
 .text.USBD_SetAddress
                0x0800acaa       0x4e CMakeFiles/foc_fd6288.elf.dir/Middlewares/ST/STM32_USB_Device_Library/Core/Src/usbd_ctlreq.c.obj
 .text.USBD_SetConfig
                0x0800acf8       0xc4 CMakeFiles/foc_fd6288.elf.dir/Middlewares/ST/STM32_USB_Device_Library/Core/Src/usbd_ctlreq.c.obj
 .text.USBD_GetConfig
                0x0800adbc       0x3e CMakeFiles/foc_fd6288.elf.dir/Middlewares/ST/STM32_USB_Device_Library/Core/Src/usbd_ctlreq.c.obj
 .text.USBD_GetStatus
                0x0800adfa       0x38 CMakeFiles/foc_fd6288.elf.dir/Middlewares/ST/STM32_USB_Device_Library/Core/Src/usbd_ctlreq.c.obj
 .text.USBD_ClrFeature
                0x0800ae32       0x26 CMakeFiles/foc_fd6288.elf.dir/Middlewares/ST/STM32_USB_Device_Library/Core/Src/usbd_ctlreq.c.obj
 .text.USBD_StdDevReq
                0x0800ae58       0x70 CMakeFiles/foc_fd6288.elf.dir/Middlewares/ST/STM32_USB_Device_Library/Core/Src/usbd_ctlreq.c.obj
                0x0800ae58                USBD_StdDevReq
 .text.USBD_StdItfReq
                0x0800aec8       0x68 CMakeFiles/foc_fd6288.elf.dir/Middlewares/ST/STM32_USB_Device_Library/Core/Src/usbd_ctlreq.c.obj
                0x0800aec8                USBD_StdItfReq
 .text.USBD_StdEPReq
                0x0800af30      0x1ea CMakeFiles/foc_fd6288.elf.dir/Middlewares/ST/STM32_USB_Device_Library/Core/Src/usbd_ctlreq.c.obj
                0x0800af30                USBD_StdEPReq
 .text.USBD_GetString
                0x0800b11a       0x3a CMakeFiles/foc_fd6288.elf.dir/Middlewares/ST/STM32_USB_Device_Library/Core/Src/usbd_ctlreq.c.obj
                0x0800b11a                USBD_GetString
 .text.USBD_CtlSendData
                0x0800b154       0x1a CMakeFiles/foc_fd6288.elf.dir/Middlewares/ST/STM32_USB_Device_Library/Core/Src/usbd_ioreq.c.obj
                0x0800b154                USBD_CtlSendData
 .text.USBD_CtlContinueSendData
                0x0800b16e       0x10 CMakeFiles/foc_fd6288.elf.dir/Middlewares/ST/STM32_USB_Device_Library/Core/Src/usbd_ioreq.c.obj
                0x0800b16e                USBD_CtlContinueSendData
 .text.USBD_CtlPrepareRx
                0x0800b17e       0x1e CMakeFiles/foc_fd6288.elf.dir/Middlewares/ST/STM32_USB_Device_Library/Core/Src/usbd_ioreq.c.obj
                0x0800b17e                USBD_CtlPrepareRx
 .text.USBD_CtlContinueRx
                0x0800b19c       0x10 CMakeFiles/foc_fd6288.elf.dir/Middlewares/ST/STM32_USB_Device_Library/Core/Src/usbd_ioreq.c.obj
                0x0800b19c                USBD_CtlContinueRx
 .text.USBD_CtlSendStatus
                0x0800b1ac       0x16 CMakeFiles/foc_fd6288.elf.dir/Middlewares/ST/STM32_USB_Device_Library/Core/Src/usbd_ioreq.c.obj
                0x0800b1ac                USBD_CtlSendStatus
 .text.USBD_CtlReceiveStatus
                0x0800b1c2       0x16 CMakeFiles/foc_fd6288.elf.dir/Middlewares/ST/STM32_USB_Device_Library/Core/Src/usbd_ioreq.c.obj
                0x0800b1c2                USBD_CtlReceiveStatus
 .text.MX_USB_DEVICE_Init